2026-03-02 12:27:46,038 - ERROR - Dataset path does not exist: C:\Users\FVMSU\Documents\jack-bush\Projects\DeepfakeBench\datasets\rgb\FaceForensics++\FaceForensics++
2026-03-02 12:29:14,181 - ERROR - Dataset path does not exist: C:\Users\FVMSU\Documents\jack-bush\Projects\DeepfakeBench\datasets\rgb\FaceForensics++\FaceForensics++
2026-03-02 12:34:16,864 - ERROR - Dataset path does not exist: C:\Users\FVMSU\Documents\jack-bush\Projects\DeepfakeBench\datasets\rgb\FaceForensics++\FaceForensics++
2026-03-02 12:35:34,717 - ERROR - Dataset path does not exist: C:\Users\FVMSU\Documents\jack-bush\Projects\DeepfakeBench\datasets\rgb\FaceForensics++\FaceForensics++
2026-03-02 12:38:49,570 - ERROR - Dataset path does not exist: C:\Users\FVMSU\Documents\jack-bush\Projects\DeepfakeBench\datasets\rgb\FaceForensics++\FaceForensics++
2026-03-02 12:41:38,433 - ERROR - Sub Dataset path does not exist: C:\Users\FVMSU\Documents\jack-bush\Projects\DeepfakeBench\datasets\rgb\FaceForensics++\manipulated_sequences\Deepfakes\c23
2026-03-02 12:50:55,377 - INFO - 1000 videos found in C:\Users\FVMSU\Documents\jack-bush\Projects\DeepfakeBench\datasets\rgb\FaceForensics++\original_sequences\youtube\c23
2026-03-02 12:51:29,738 - WARNING - No faces in frame 314 of C:\Users\FVMSU\Documents\jack-bush\Projects\DeepfakeBench\datasets\rgb\FaceForensics++\original_sequences\youtube\c23\videos\027.mp4
2026-03-02 12:51:29,901 - INFO - Current time: 2026-03-02 12:51:29
2026-03-02 12:51:30,300 - INFO - Current time: 2026-03-02 12:51:30
2026-03-02 12:51:30,715 - INFO - Current time: 2026-03-02 12:51:30
2026-03-02 12:51:31,103 - INFO - Current time: 2026-03-02 12:51:31
2026-03-02 12:51:31,907 - INFO - Current time: 2026-03-02 12:51:31
2026-03-02 12:51:32,721 - INFO - Current time: 2026-03-02 12:51:32
2026-03-02 12:51:33,022 - INFO - Current time: 2026-03-02 12:51:33
2026-03-02 12:51:33,373 - INFO - Current time: 2026-03-02 12:51:33
2026-03-02 12:51:34,544 - INFO - Current time: 2026-03-02 12:51:34
2026-03-02 12:51:35,088 - INFO - Current time: 2026-03-02 12:51:35
2026-03-02 12:51:35,298 - INFO - Current time: 2026-03-02 12:51:35
2026-03-02 12:51:35,652 - INFO - Current time: 2026-03-02 12:51:35
2026-03-02 12:51:36,116 - INFO - Current time: 2026-03-02 12:51:36
2026-03-02 12:51:36,430 - INFO - Current time: 2026-03-02 12:51:36
2026-03-02 12:51:36,949 - INFO - Current time: 2026-03-02 12:51:36
2026-03-02 12:51:37,423 - INFO - Current time: 2026-03-02 12:51:37
2026-03-02 12:51:38,164 - INFO - Current time: 2026-03-02 12:51:38
2026-03-02 12:51:38,331 - INFO - Current time: 2026-03-02 12:51:38
2026-03-02 12:51:38,868 - INFO - Current time: 2026-03-02 12:51:38
2026-03-02 12:51:40,817 - INFO - Current time: 2026-03-02 12:51:40
2026-03-02 12:51:41,921 - INFO - Current time: 2026-03-02 12:51:41
2026-03-02 12:51:42,020 - INFO - Current time: 2026-03-02 12:51:42
2026-03-02 12:51:42,076 - INFO - Current time: 2026-03-02 12:51:42
2026-03-02 12:51:42,099 - INFO - Current time: 2026-03-02 12:51:42
2026-03-02 12:51:42,115 - INFO - Current time: 2026-03-02 12:51:42
2026-03-02 12:51:42,124 - INFO - Current time: 2026-03-02 12:51:42
2026-03-02 12:51:42,131 - INFO - Current time: 2026-03-02 12:51:42
2026-03-02 12:51:43,002 - INFO - Current time: 2026-03-02 12:51:43
2026-03-02 12:51:43,167 - INFO - Current time: 2026-03-02 12:51:43
2026-03-02 12:51:43,178 - INFO - Current time: 2026-03-02 12:51:43
2026-03-02 12:51:43,204 - INFO - Current time: 2026-03-02 12:51:43
2026-03-02 12:51:43,435 - INFO - Current time: 2026-03-02 12:51:43
2026-03-02 12:51:43,821 - INFO - Current time: 2026-03-02 12:51:43
2026-03-02 12:51:44,807 - INFO - Current time: 2026-03-02 12:51:44
2026-03-02 12:51:45,603 - INFO - Current time: 2026-03-02 12:51:45
2026-03-02 12:51:46,694 - INFO - Current time: 2026-03-02 12:51:46
2026-03-02 12:51:48,232 - INFO - Current time: 2026-03-02 12:51:48
2026-03-02 12:51:49,010 - INFO - Current time: 2026-03-02 12:51:49
2026-03-02 12:51:50,309 - INFO - Current time: 2026-03-02 12:51:50
2026-03-02 12:51:52,053 - INFO - Current time: 2026-03-02 12:51:52
2026-03-02 12:51:55,048 - INFO - Current time: 2026-03-02 12:51:55
2026-03-02 12:51:55,810 - INFO - Current time: 2026-03-02 12:51:55
2026-03-02 12:51:56,217 - INFO - Current time: 2026-03-02 12:51:56
2026-03-02 12:51:59,021 - INFO - Current time: 2026-03-02 12:51:59
2026-03-02 12:51:59,734 - INFO - Current time: 2026-03-02 12:51:59
2026-03-02 12:52:00,158 - INFO - Current time: 2026-03-02 12:52:00
2026-03-02 12:52:00,936 - INFO - Current time: 2026-03-02 12:52:00
2026-03-02 12:52:00,956 - INFO - Current time: 2026-03-02 12:52:00
2026-03-02 12:52:02,574 - INFO - Current time: 2026-03-02 12:52:02
2026-03-02 12:52:03,496 - INFO - Current time: 2026-03-02 12:52:03
2026-03-02 12:52:03,528 - INFO - Current time: 2026-03-02 12:52:03
2026-03-02 12:52:05,071 - INFO - Current time: 2026-03-02 12:52:05
2026-03-02 12:52:05,811 - INFO - Current time: 2026-03-02 12:52:05
2026-03-02 12:52:06,148 - INFO - Current time: 2026-03-02 12:52:06
2026-03-02 12:52:06,311 - INFO - Current time: 2026-03-02 12:52:06
2026-03-02 12:52:06,752 - INFO - Current time: 2026-03-02 12:52:06
2026-03-02 12:52:07,013 - INFO - Current time: 2026-03-02 12:52:07
2026-03-02 12:52:08,885 - INFO - Current time: 2026-03-02 12:52:08
2026-03-02 12:52:10,304 - INFO - Current time: 2026-03-02 12:52:10
2026-03-02 12:52:11,008 - INFO - Current time: 2026-03-02 12:52:11
2026-03-02 12:52:13,896 - INFO - Current time: 2026-03-02 12:52:13
2026-03-02 12:52:14,586 - INFO - Current time: 2026-03-02 12:52:14
2026-03-02 12:52:15,050 - INFO - Current time: 2026-03-02 12:52:15
2026-03-02 12:52:16,167 - INFO - Current time: 2026-03-02 12:52:16
2026-03-02 12:52:16,888 - INFO - Current time: 2026-03-02 12:52:16
2026-03-02 12:52:17,884 - INFO - Current time: 2026-03-02 12:52:17
2026-03-02 12:52:19,057 - INFO - Current time: 2026-03-02 12:52:19
2026-03-02 12:52:19,236 - INFO - Current time: 2026-03-02 12:52:19
2026-03-02 12:52:20,047 - INFO - Current time: 2026-03-02 12:52:20
2026-03-02 12:52:21,514 - INFO - Current time: 2026-03-02 12:52:21
2026-03-02 12:52:22,485 - INFO - Current time: 2026-03-02 12:52:22
2026-03-02 12:52:24,403 - INFO - Current time: 2026-03-02 12:52:24
2026-03-02 12:52:25,126 - INFO - Current time: 2026-03-02 12:52:25
2026-03-02 12:52:25,691 - INFO - Current time: 2026-03-02 12:52:25
2026-03-02 12:52:26,258 - INFO - Current time: 2026-03-02 12:52:26
2026-03-02 12:52:28,062 - INFO - Current time: 2026-03-02 12:52:28
2026-03-02 12:52:28,735 - INFO - Current time: 2026-03-02 12:52:28
2026-03-02 12:52:29,685 - INFO - Current time: 2026-03-02 12:52:29
2026-03-02 12:52:30,396 - INFO - Current time: 2026-03-02 12:52:30
2026-03-02 12:52:31,392 - INFO - Current time: 2026-03-02 12:52:31
2026-03-02 12:52:33,974 - INFO - Current time: 2026-03-02 12:52:33
2026-03-02 12:52:34,528 - INFO - Current time: 2026-03-02 12:52:34
2026-03-02 12:52:35,027 - INFO - Current time: 2026-03-02 12:52:35
2026-03-02 12:52:35,502 - INFO - Current time: 2026-03-02 12:52:35
2026-03-02 12:52:35,859 - INFO - Current time: 2026-03-02 12:52:35
2026-03-02 12:52:36,880 - INFO - Current time: 2026-03-02 12:52:36
2026-03-02 12:52:37,377 - INFO - Current time: 2026-03-02 12:52:37
2026-03-02 12:52:37,864 - INFO - Current time: 2026-03-02 12:52:37
2026-03-02 12:52:38,410 - INFO - Current time: 2026-03-02 12:52:38
2026-03-02 12:52:38,827 - INFO - Current time: 2026-03-02 12:52:38
2026-03-02 12:52:40,121 - INFO - Current time: 2026-03-02 12:52:40
2026-03-02 12:52:40,675 - INFO - Current time: 2026-03-02 12:52:40
2026-03-02 12:52:41,910 - INFO - Current time: 2026-03-02 12:52:41
2026-03-02 12:52:42,664 - INFO - Current time: 2026-03-02 12:52:42
2026-03-02 12:52:43,252 - INFO - Current time: 2026-03-02 12:52:43
2026-03-02 12:52:44,718 - INFO - Current time: 2026-03-02 12:52:44
2026-03-02 12:52:45,237 - INFO - Current time: 2026-03-02 12:52:45
2026-03-02 12:52:45,586 - INFO - Current time: 2026-03-02 12:52:45
2026-03-02 12:52:46,072 - INFO - Current time: 2026-03-02 12:52:46
2026-03-02 12:52:47,465 - INFO - Current time: 2026-03-02 12:52:47
2026-03-02 12:52:48,042 - INFO - Current time: 2026-03-02 12:52:48
2026-03-02 12:52:49,939 - INFO - Current time: 2026-03-02 12:52:49
2026-03-02 12:52:50,703 - INFO - Current time: 2026-03-02 12:52:50
2026-03-02 12:52:50,987 - INFO - Current time: 2026-03-02 12:52:50
2026-03-02 12:52:51,435 - INFO - Current time: 2026-03-02 12:52:51
2026-03-02 12:52:53,285 - INFO - Current time: 2026-03-02 12:52:53
2026-03-02 12:52:53,403 - INFO - Current time: 2026-03-02 12:52:53
2026-03-02 12:52:54,099 - INFO - Current time: 2026-03-02 12:52:54
2026-03-02 12:52:55,419 - INFO - Current time: 2026-03-02 12:52:55
2026-03-02 12:52:56,661 - INFO - Current time: 2026-03-02 12:52:56
2026-03-02 12:52:57,587 - INFO - Current time: 2026-03-02 12:52:57
2026-03-02 12:52:59,391 - INFO - Current time: 2026-03-02 12:52:59
2026-03-02 12:52:59,761 - INFO - Current time: 2026-03-02 12:52:59
2026-03-02 12:53:01,305 - INFO - Current time: 2026-03-02 12:53:01
2026-03-02 12:53:01,982 - INFO - Current time: 2026-03-02 12:53:01
2026-03-02 12:53:02,479 - INFO - Current time: 2026-03-02 12:53:02
2026-03-02 12:53:05,696 - INFO - Current time: 2026-03-02 12:53:05
2026-03-02 12:53:06,160 - INFO - Current time: 2026-03-02 12:53:06
2026-03-02 12:53:07,095 - INFO - Current time: 2026-03-02 12:53:07
2026-03-02 12:53:07,695 - INFO - Current time: 2026-03-02 12:53:07
2026-03-02 12:53:08,066 - INFO - Current time: 2026-03-02 12:53:08
2026-03-02 12:53:08,706 - INFO - Current time: 2026-03-02 12:53:08
2026-03-02 12:53:10,580 - INFO - Current time: 2026-03-02 12:53:10
2026-03-02 12:53:11,445 - INFO - Current time: 2026-03-02 12:53:11
2026-03-02 12:53:12,101 - INFO - Current time: 2026-03-02 12:53:12
2026-03-02 12:53:12,689 - INFO - Current time: 2026-03-02 12:53:12
2026-03-02 12:53:13,365 - INFO - Current time: 2026-03-02 12:53:13
2026-03-02 12:53:14,443 - INFO - Current time: 2026-03-02 12:53:14
2026-03-02 12:53:15,236 - INFO - Current time: 2026-03-02 12:53:15
2026-03-02 12:53:15,728 - INFO - Current time: 2026-03-02 12:53:15
2026-03-02 12:53:16,368 - INFO - Current time: 2026-03-02 12:53:16
2026-03-02 12:53:16,629 - INFO - Current time: 2026-03-02 12:53:16
2026-03-02 12:53:17,046 - INFO - Current time: 2026-03-02 12:53:17
2026-03-02 12:53:17,674 - INFO - Current time: 2026-03-02 12:53:17
2026-03-02 12:53:18,858 - INFO - Current time: 2026-03-02 12:53:18
2026-03-02 12:53:19,900 - INFO - Current time: 2026-03-02 12:53:19
2026-03-02 12:53:20,248 - INFO - Current time: 2026-03-02 12:53:20
2026-03-02 12:53:20,585 - INFO - Current time: 2026-03-02 12:53:20
2026-03-02 12:53:21,955 - INFO - Current time: 2026-03-02 12:53:21
2026-03-02 12:53:22,395 - INFO - Current time: 2026-03-02 12:53:22
2026-03-02 12:53:22,808 - INFO - Current time: 2026-03-02 12:53:22
2026-03-02 12:53:24,673 - INFO - Current time: 2026-03-02 12:53:24
2026-03-02 12:53:25,139 - INFO - Current time: 2026-03-02 12:53:25
2026-03-02 12:53:26,053 - INFO - Current time: 2026-03-02 12:53:26
2026-03-02 12:53:26,562 - INFO - Current time: 2026-03-02 12:53:26
2026-03-02 12:53:26,870 - INFO - Current time: 2026-03-02 12:53:26
2026-03-02 12:53:27,301 - INFO - Current time: 2026-03-02 12:53:27
2026-03-02 12:53:27,882 - INFO - Current time: 2026-03-02 12:53:27
2026-03-02 12:53:28,736 - INFO - Current time: 2026-03-02 12:53:28
2026-03-02 12:53:29,393 - INFO - Current time: 2026-03-02 12:53:29
2026-03-02 12:53:30,907 - INFO - Current time: 2026-03-02 12:53:30
2026-03-02 12:53:32,635 - INFO - Current time: 2026-03-02 12:53:32
2026-03-02 12:53:34,142 - INFO - Current time: 2026-03-02 12:53:34
2026-03-02 12:53:34,730 - INFO - Current time: 2026-03-02 12:53:34
2026-03-02 12:53:35,122 - INFO - Current time: 2026-03-02 12:53:35
2026-03-02 12:53:35,449 - INFO - Current time: 2026-03-02 12:53:35
2026-03-02 12:53:38,367 - INFO - Current time: 2026-03-02 12:53:38
2026-03-02 12:53:38,856 - INFO - Current time: 2026-03-02 12:53:38
2026-03-02 12:53:40,511 - INFO - Current time: 2026-03-02 12:53:40
2026-03-02 12:53:42,290 - INFO - Current time: 2026-03-02 12:53:42
2026-03-02 12:53:43,402 - INFO - Current time: 2026-03-02 12:53:43
2026-03-02 12:53:44,135 - INFO - Current time: 2026-03-02 12:53:44
2026-03-02 12:53:44,798 - INFO - Current time: 2026-03-02 12:53:44
2026-03-02 12:53:44,987 - INFO - Current time: 2026-03-02 12:53:44
2026-03-02 12:53:45,962 - INFO - Current time: 2026-03-02 12:53:45
2026-03-02 12:53:47,623 - INFO - Current time: 2026-03-02 12:53:47
2026-03-02 12:53:48,316 - INFO - Current time: 2026-03-02 12:53:48
2026-03-02 12:53:48,760 - INFO - Current time: 2026-03-02 12:53:48
2026-03-02 12:53:49,139 - INFO - Current time: 2026-03-02 12:53:49
2026-03-02 12:53:50,633 - INFO - Current time: 2026-03-02 12:53:50
2026-03-02 12:53:52,518 - INFO - Current time: 2026-03-02 12:53:52
2026-03-02 12:53:53,194 - INFO - Current time: 2026-03-02 12:53:53
2026-03-02 12:53:53,708 - INFO - Current time: 2026-03-02 12:53:53
2026-03-02 12:53:55,182 - INFO - Current time: 2026-03-02 12:53:55
2026-03-02 12:53:56,383 - INFO - Current time: 2026-03-02 12:53:56
2026-03-02 12:53:56,404 - INFO - Current time: 2026-03-02 12:53:56
2026-03-02 12:53:58,433 - INFO - Current time: 2026-03-02 12:53:58
2026-03-02 12:53:59,559 - INFO - Current time: 2026-03-02 12:53:59
2026-03-02 12:53:59,825 - INFO - Current time: 2026-03-02 12:53:59
2026-03-02 12:54:02,106 - INFO - Current time: 2026-03-02 12:54:02
2026-03-02 12:54:02,330 - INFO - Current time: 2026-03-02 12:54:02
2026-03-02 12:54:02,960 - INFO - Current time: 2026-03-02 12:54:02
2026-03-02 12:54:04,056 - INFO - Current time: 2026-03-02 12:54:04
2026-03-02 12:54:04,897 - INFO - Current time: 2026-03-02 12:54:04
2026-03-02 12:54:05,491 - INFO - Current time: 2026-03-02 12:54:05
2026-03-02 12:54:07,392 - INFO - Current time: 2026-03-02 12:54:07
2026-03-02 12:54:08,228 - INFO - Current time: 2026-03-02 12:54:08
2026-03-02 12:54:09,424 - INFO - Current time: 2026-03-02 12:54:09
2026-03-02 12:54:10,124 - INFO - Current time: 2026-03-02 12:54:10
2026-03-02 12:54:10,555 - INFO - Current time: 2026-03-02 12:54:10
2026-03-02 12:54:11,286 - INFO - Current time: 2026-03-02 12:54:11
2026-03-02 12:54:12,046 - INFO - Current time: 2026-03-02 12:54:12
2026-03-02 12:54:12,375 - INFO - Current time: 2026-03-02 12:54:12
2026-03-02 12:54:13,038 - INFO - Current time: 2026-03-02 12:54:13
2026-03-02 12:54:13,843 - INFO - Current time: 2026-03-02 12:54:13
2026-03-02 12:54:15,148 - INFO - Current time: 2026-03-02 12:54:15
2026-03-02 12:54:15,840 - INFO - Current time: 2026-03-02 12:54:15
2026-03-02 12:54:16,471 - INFO - Current time: 2026-03-02 12:54:16
2026-03-02 12:54:16,970 - INFO - Current time: 2026-03-02 12:54:16
2026-03-02 12:54:17,986 - INFO - Current time: 2026-03-02 12:54:17
2026-03-02 12:54:19,098 - INFO - Current time: 2026-03-02 12:54:19
2026-03-02 12:54:19,292 - INFO - Current time: 2026-03-02 12:54:19
2026-03-02 12:54:20,321 - INFO - Current time: 2026-03-02 12:54:20
2026-03-02 12:54:21,396 - INFO - Current time: 2026-03-02 12:54:21
2026-03-02 12:54:21,726 - INFO - Current time: 2026-03-02 12:54:21
2026-03-02 12:54:22,904 - INFO - Current time: 2026-03-02 12:54:22
2026-03-02 12:54:23,921 - INFO - Current time: 2026-03-02 12:54:23
2026-03-02 12:54:24,264 - INFO - Current time: 2026-03-02 12:54:24
2026-03-02 12:54:24,529 - INFO - Current time: 2026-03-02 12:54:24
2026-03-02 12:54:28,850 - INFO - Current time: 2026-03-02 12:54:28
2026-03-02 12:54:30,007 - INFO - Current time: 2026-03-02 12:54:30
2026-03-02 12:54:30,690 - INFO - Current time: 2026-03-02 12:54:30
2026-03-02 12:54:31,289 - INFO - Current time: 2026-03-02 12:54:31
2026-03-02 12:54:33,320 - INFO - Current time: 2026-03-02 12:54:33
2026-03-02 12:54:34,456 - INFO - Current time: 2026-03-02 12:54:34
2026-03-02 12:54:35,177 - INFO - Current time: 2026-03-02 12:54:35
2026-03-02 12:54:35,557 - INFO - Current time: 2026-03-02 12:54:35
2026-03-02 12:54:36,185 - INFO - Current time: 2026-03-02 12:54:36
2026-03-02 12:54:37,200 - INFO - Current time: 2026-03-02 12:54:37
2026-03-02 12:54:37,507 - WARNING - No faces in frame 0 of C:\Users\FVMSU\Documents\jack-bush\Projects\DeepfakeBench\datasets\rgb\FaceForensics++\original_sequences\youtube\c23\videos\281.mp4
2026-03-02 12:54:37,783 - INFO - Current time: 2026-03-02 12:54:37
2026-03-02 12:54:38,370 - INFO - Current time: 2026-03-02 12:54:38
2026-03-02 12:54:39,000 - INFO - Current time: 2026-03-02 12:54:39
2026-03-02 12:54:39,302 - WARNING - No faces in frame 9 of C:\Users\FVMSU\Documents\jack-bush\Projects\DeepfakeBench\datasets\rgb\FaceForensics++\original_sequences\youtube\c23\videos\281.mp4
2026-03-02 12:54:40,188 - INFO - Current time: 2026-03-02 12:54:40
2026-03-02 12:54:40,745 - WARNING - No faces in frame 19 of C:\Users\FVMSU\Documents\jack-bush\Projects\DeepfakeBench\datasets\rgb\FaceForensics++\original_sequences\youtube\c23\videos\281.mp4
2026-03-02 12:54:41,155 - INFO - Current time: 2026-03-02 12:54:41
2026-03-02 12:54:41,848 - INFO - Current time: 2026-03-02 12:54:41
2026-03-02 12:54:42,281 - WARNING - No faces in frame 29 of C:\Users\FVMSU\Documents\jack-bush\Projects\DeepfakeBench\datasets\rgb\FaceForensics++\original_sequences\youtube\c23\videos\281.mp4
2026-03-02 12:54:42,796 - INFO - Current time: 2026-03-02 12:54:42
2026-03-02 12:54:43,526 - INFO - Current time: 2026-03-02 12:54:43
2026-03-02 12:54:43,528 - WARNING - No faces in frame 39 of C:\Users\FVMSU\Documents\jack-bush\Projects\DeepfakeBench\datasets\rgb\FaceForensics++\original_sequences\youtube\c23\videos\281.mp4
2026-03-02 12:54:44,407 - INFO - Current time: 2026-03-02 12:54:44
2026-03-02 12:54:45,312 - INFO - Current time: 2026-03-02 12:54:45
2026-03-02 12:54:45,383 - INFO - Current time: 2026-03-02 12:54:45
2026-03-02 12:54:45,385 - WARNING - No faces in frame 49 of C:\Users\FVMSU\Documents\jack-bush\Projects\DeepfakeBench\datasets\rgb\FaceForensics++\original_sequences\youtube\c23\videos\281.mp4
2026-03-02 12:54:45,698 - INFO - Current time: 2026-03-02 12:54:45
2026-03-02 12:54:46,732 - INFO - Current time: 2026-03-02 12:54:46
2026-03-02 12:54:47,154 - WARNING - No faces in frame 59 of C:\Users\FVMSU\Documents\jack-bush\Projects\DeepfakeBench\datasets\rgb\FaceForensics++\original_sequences\youtube\c23\videos\281.mp4
2026-03-02 12:54:47,585 - INFO - Current time: 2026-03-02 12:54:47
2026-03-02 12:54:48,006 - INFO - Current time: 2026-03-02 12:54:48
2026-03-02 12:54:48,999 - WARNING - No faces in frame 69 of C:\Users\FVMSU\Documents\jack-bush\Projects\DeepfakeBench\datasets\rgb\FaceForensics++\original_sequences\youtube\c23\videos\281.mp4
2026-03-02 12:54:49,635 - INFO - Current time: 2026-03-02 12:54:49
2026-03-02 12:54:50,112 - WARNING - No faces in frame 79 of C:\Users\FVMSU\Documents\jack-bush\Projects\DeepfakeBench\datasets\rgb\FaceForensics++\original_sequences\youtube\c23\videos\281.mp4
2026-03-02 12:54:50,121 - INFO - Current time: 2026-03-02 12:54:50
2026-03-02 12:54:50,796 - INFO - Current time: 2026-03-02 12:54:50
2026-03-02 12:54:51,858 - WARNING - No faces in frame 89 of C:\Users\FVMSU\Documents\jack-bush\Projects\DeepfakeBench\datasets\rgb\FaceForensics++\original_sequences\youtube\c23\videos\281.mp4
2026-03-02 12:54:52,374 - INFO - Current time: 2026-03-02 12:54:52
2026-03-02 12:54:53,043 - INFO - Current time: 2026-03-02 12:54:53
2026-03-02 12:54:53,493 - WARNING - No faces in frame 99 of C:\Users\FVMSU\Documents\jack-bush\Projects\DeepfakeBench\datasets\rgb\FaceForensics++\original_sequences\youtube\c23\videos\281.mp4
2026-03-02 12:54:54,494 - INFO - Current time: 2026-03-02 12:54:54
2026-03-02 12:54:54,980 - WARNING - No faces in frame 109 of C:\Users\FVMSU\Documents\jack-bush\Projects\DeepfakeBench\datasets\rgb\FaceForensics++\original_sequences\youtube\c23\videos\281.mp4
2026-03-02 12:54:56,097 - INFO - Current time: 2026-03-02 12:54:56
2026-03-02 12:54:56,507 - WARNING - No faces in frame 119 of C:\Users\FVMSU\Documents\jack-bush\Projects\DeepfakeBench\datasets\rgb\FaceForensics++\original_sequences\youtube\c23\videos\281.mp4
2026-03-02 12:54:57,726 - WARNING - No faces in frame 129 of C:\Users\FVMSU\Documents\jack-bush\Projects\DeepfakeBench\datasets\rgb\FaceForensics++\original_sequences\youtube\c23\videos\281.mp4
2026-03-02 12:54:58,546 - WARNING - No faces in frame 639 of C:\Users\FVMSU\Documents\jack-bush\Projects\DeepfakeBench\datasets\rgb\FaceForensics++\original_sequences\youtube\c23\videos\257.mp4
2026-03-02 12:54:58,833 - INFO - Current time: 2026-03-02 12:54:58
2026-03-02 12:54:59,224 - WARNING - No faces in frame 139 of C:\Users\FVMSU\Documents\jack-bush\Projects\DeepfakeBench\datasets\rgb\FaceForensics++\original_sequences\youtube\c23\videos\281.mp4
2026-03-02 12:55:00,378 - INFO - Current time: 2026-03-02 12:55:00
2026-03-02 12:55:00,792 - WARNING - No faces in frame 149 of C:\Users\FVMSU\Documents\jack-bush\Projects\DeepfakeBench\datasets\rgb\FaceForensics++\original_sequences\youtube\c23\videos\281.mp4
2026-03-02 12:55:01,043 - INFO - Current time: 2026-03-02 12:55:01
2026-03-02 12:55:01,630 - INFO - Current time: 2026-03-02 12:55:01
2026-03-02 12:55:02,730 - INFO - Current time: 2026-03-02 12:55:02
2026-03-02 12:55:02,984 - WARNING - No faces in frame 158 of C:\Users\FVMSU\Documents\jack-bush\Projects\DeepfakeBench\datasets\rgb\FaceForensics++\original_sequences\youtube\c23\videos\281.mp4
2026-03-02 12:55:03,660 - INFO - Current time: 2026-03-02 12:55:03
2026-03-02 12:55:04,712 - WARNING - No faces in frame 168 of C:\Users\FVMSU\Documents\jack-bush\Projects\DeepfakeBench\datasets\rgb\FaceForensics++\original_sequences\youtube\c23\videos\281.mp4
2026-03-02 12:55:05,013 - INFO - Current time: 2026-03-02 12:55:05
2026-03-02 12:55:05,854 - INFO - Current time: 2026-03-02 12:55:05
2026-03-02 12:55:06,331 - WARNING - No faces in frame 178 of C:\Users\FVMSU\Documents\jack-bush\Projects\DeepfakeBench\datasets\rgb\FaceForensics++\original_sequences\youtube\c23\videos\281.mp4
2026-03-02 12:55:06,586 - INFO - Current time: 2026-03-02 12:55:06
2026-03-02 12:55:07,399 - INFO - Current time: 2026-03-02 12:55:07
2026-03-02 12:55:07,844 - INFO - Current time: 2026-03-02 12:55:07
2026-03-02 12:55:08,099 - WARNING - No faces in frame 188 of C:\Users\FVMSU\Documents\jack-bush\Projects\DeepfakeBench\datasets\rgb\FaceForensics++\original_sequences\youtube\c23\videos\281.mp4
2026-03-02 12:55:08,343 - INFO - Current time: 2026-03-02 12:55:08
2026-03-02 12:55:09,480 - INFO - Current time: 2026-03-02 12:55:09
2026-03-02 12:55:09,930 - WARNING - No faces in frame 198 of C:\Users\FVMSU\Documents\jack-bush\Projects\DeepfakeBench\datasets\rgb\FaceForensics++\original_sequences\youtube\c23\videos\281.mp4
2026-03-02 12:55:10,202 - INFO - Current time: 2026-03-02 12:55:10
2026-03-02 12:55:10,949 - INFO - Current time: 2026-03-02 12:55:10
2026-03-02 12:55:11,152 - INFO - Current time: 2026-03-02 12:55:11
2026-03-02 12:55:12,178 - WARNING - No faces in frame 208 of C:\Users\FVMSU\Documents\jack-bush\Projects\DeepfakeBench\datasets\rgb\FaceForensics++\original_sequences\youtube\c23\videos\281.mp4
2026-03-02 12:55:12,873 - INFO - Current time: 2026-03-02 12:55:12
2026-03-02 12:55:13,459 - INFO - Current time: 2026-03-02 12:55:13
2026-03-02 12:55:13,675 - INFO - Current time: 2026-03-02 12:55:13
2026-03-02 12:55:13,899 - WARNING - No faces in frame 218 of C:\Users\FVMSU\Documents\jack-bush\Projects\DeepfakeBench\datasets\rgb\FaceForensics++\original_sequences\youtube\c23\videos\281.mp4
2026-03-02 12:55:15,085 - WARNING - No faces in frame 228 of C:\Users\FVMSU\Documents\jack-bush\Projects\DeepfakeBench\datasets\rgb\FaceForensics++\original_sequences\youtube\c23\videos\281.mp4
2026-03-02 12:55:15,330 - INFO - Current time: 2026-03-02 12:55:15
2026-03-02 12:55:16,525 - WARNING - No faces in frame 238 of C:\Users\FVMSU\Documents\jack-bush\Projects\DeepfakeBench\datasets\rgb\FaceForensics++\original_sequences\youtube\c23\videos\281.mp4
2026-03-02 12:55:17,091 - INFO - Current time: 2026-03-02 12:55:17
2026-03-02 12:55:17,719 - INFO - Current time: 2026-03-02 12:55:17
2026-03-02 12:55:17,994 - INFO - Current time: 2026-03-02 12:55:17
2026-03-02 12:55:18,276 - WARNING - No faces in frame 248 of C:\Users\FVMSU\Documents\jack-bush\Projects\DeepfakeBench\datasets\rgb\FaceForensics++\original_sequences\youtube\c23\videos\281.mp4
2026-03-02 12:55:18,575 - INFO - Current time: 2026-03-02 12:55:18
2026-03-02 12:55:19,473 - INFO - Current time: 2026-03-02 12:55:19
2026-03-02 12:55:19,795 - WARNING - No faces in frame 258 of C:\Users\FVMSU\Documents\jack-bush\Projects\DeepfakeBench\datasets\rgb\FaceForensics++\original_sequences\youtube\c23\videos\281.mp4
2026-03-02 12:55:20,329 - INFO - Current time: 2026-03-02 12:55:20
2026-03-02 12:55:20,927 - INFO - Current time: 2026-03-02 12:55:20
2026-03-02 12:55:21,326 - WARNING - No faces in frame 268 of C:\Users\FVMSU\Documents\jack-bush\Projects\DeepfakeBench\datasets\rgb\FaceForensics++\original_sequences\youtube\c23\videos\281.mp4
2026-03-02 12:55:21,758 - INFO - Current time: 2026-03-02 12:55:21
2026-03-02 12:55:22,215 - INFO - Current time: 2026-03-02 12:55:22
2026-03-02 12:55:22,587 - INFO - Current time: 2026-03-02 12:55:22
2026-03-02 12:55:23,123 - INFO - Current time: 2026-03-02 12:55:23
2026-03-02 12:55:23,288 - WARNING - No faces in frame 278 of C:\Users\FVMSU\Documents\jack-bush\Projects\DeepfakeBench\datasets\rgb\FaceForensics++\original_sequences\youtube\c23\videos\281.mp4
2026-03-02 12:55:24,684 - INFO - Current time: 2026-03-02 12:55:24
2026-03-02 12:55:24,887 - WARNING - No faces in frame 288 of C:\Users\FVMSU\Documents\jack-bush\Projects\DeepfakeBench\datasets\rgb\FaceForensics++\original_sequences\youtube\c23\videos\281.mp4
2026-03-02 12:55:25,326 - INFO - Current time: 2026-03-02 12:55:25
2026-03-02 12:55:26,655 - WARNING - No faces in frame 298 of C:\Users\FVMSU\Documents\jack-bush\Projects\DeepfakeBench\datasets\rgb\FaceForensics++\original_sequences\youtube\c23\videos\281.mp4
2026-03-02 12:55:27,113 - INFO - Current time: 2026-03-02 12:55:27
2026-03-02 12:55:28,126 - INFO - Current time: 2026-03-02 12:55:28
2026-03-02 12:55:28,515 - WARNING - No faces in frame 308 of C:\Users\FVMSU\Documents\jack-bush\Projects\DeepfakeBench\datasets\rgb\FaceForensics++\original_sequences\youtube\c23\videos\281.mp4
2026-03-02 12:55:28,744 - INFO - Current time: 2026-03-02 12:55:28
2026-03-02 12:55:29,098 - INFO - Current time: 2026-03-02 12:55:29
2026-03-02 12:55:29,728 - INFO - Current time: 2026-03-02 12:55:29
2026-03-02 12:55:31,655 - INFO - Current time: 2026-03-02 12:55:31
2026-03-02 12:55:32,025 - INFO - Current time: 2026-03-02 12:55:32
2026-03-02 12:55:33,321 - INFO - Current time: 2026-03-02 12:55:33
2026-03-02 12:55:34,766 - INFO - Current time: 2026-03-02 12:55:34
2026-03-02 12:55:35,510 - INFO - Current time: 2026-03-02 12:55:35
2026-03-02 12:55:36,850 - INFO - Current time: 2026-03-02 12:55:36
2026-03-02 12:55:37,358 - INFO - Current time: 2026-03-02 12:55:37
2026-03-02 12:55:37,897 - INFO - Current time: 2026-03-02 12:55:37
2026-03-02 12:55:38,079 - INFO - Current time: 2026-03-02 12:55:38
2026-03-02 12:55:38,378 - INFO - Current time: 2026-03-02 12:55:38
2026-03-02 12:55:39,611 - INFO - Current time: 2026-03-02 12:55:39
2026-03-02 12:55:41,202 - INFO - Current time: 2026-03-02 12:55:41
2026-03-02 12:55:41,458 - INFO - Current time: 2026-03-02 12:55:41
2026-03-02 12:55:42,026 - INFO - Current time: 2026-03-02 12:55:42
2026-03-02 12:55:42,453 - INFO - Current time: 2026-03-02 12:55:42
2026-03-02 12:55:45,004 - INFO - Current time: 2026-03-02 12:55:45
2026-03-02 12:55:45,901 - INFO - Current time: 2026-03-02 12:55:45
2026-03-02 12:55:48,059 - INFO - Current time: 2026-03-02 12:55:48
2026-03-02 12:55:48,101 - INFO - Current time: 2026-03-02 12:55:48
2026-03-02 12:55:48,717 - INFO - Current time: 2026-03-02 12:55:48
2026-03-02 12:55:50,394 - INFO - Current time: 2026-03-02 12:55:50
2026-03-02 12:55:50,911 - INFO - Current time: 2026-03-02 12:55:50
2026-03-02 12:55:52,992 - INFO - Current time: 2026-03-02 12:55:52
2026-03-02 12:55:53,679 - INFO - Current time: 2026-03-02 12:55:53
2026-03-02 12:55:54,288 - INFO - Current time: 2026-03-02 12:55:54
2026-03-02 12:55:54,347 - INFO - Current time: 2026-03-02 12:55:54
2026-03-02 12:55:54,768 - INFO - Current time: 2026-03-02 12:55:54
2026-03-02 12:55:55,364 - INFO - Current time: 2026-03-02 12:55:55
2026-03-02 12:55:56,086 - INFO - Current time: 2026-03-02 12:55:56
2026-03-02 12:55:58,587 - INFO - Current time: 2026-03-02 12:55:58
2026-03-02 12:55:58,605 - INFO - Current time: 2026-03-02 12:55:58
2026-03-02 12:55:58,829 - INFO - Current time: 2026-03-02 12:55:58
2026-03-02 12:55:59,293 - INFO - Current time: 2026-03-02 12:55:59
2026-03-02 12:56:00,292 - INFO - Current time: 2026-03-02 12:56:00
2026-03-02 12:56:00,858 - INFO - Current time: 2026-03-02 12:56:00
2026-03-02 12:56:01,847 - INFO - Current time: 2026-03-02 12:56:01
2026-03-02 12:56:02,517 - INFO - Current time: 2026-03-02 12:56:02
2026-03-02 12:56:02,897 - INFO - Current time: 2026-03-02 12:56:02
2026-03-02 12:56:04,272 - INFO - Current time: 2026-03-02 12:56:04
2026-03-02 12:56:05,904 - INFO - Current time: 2026-03-02 12:56:05
2026-03-02 12:56:06,916 - INFO - Current time: 2026-03-02 12:56:06
2026-03-02 12:56:07,981 - INFO - Current time: 2026-03-02 12:56:07
2026-03-02 12:56:08,639 - INFO - Current time: 2026-03-02 12:56:08
2026-03-02 12:56:09,801 - INFO - Current time: 2026-03-02 12:56:09
2026-03-02 12:56:10,734 - INFO - Current time: 2026-03-02 12:56:10
2026-03-02 12:56:10,899 - INFO - Current time: 2026-03-02 12:56:10
2026-03-02 12:56:12,178 - INFO - Current time: 2026-03-02 12:56:12
2026-03-02 12:56:12,888 - INFO - Current time: 2026-03-02 12:56:12
2026-03-02 12:56:13,400 - INFO - Current time: 2026-03-02 12:56:13
2026-03-02 12:56:15,781 - INFO - Current time: 2026-03-02 12:56:15
2026-03-02 12:56:16,702 - INFO - Current time: 2026-03-02 12:56:16
2026-03-02 12:56:17,045 - INFO - Current time: 2026-03-02 12:56:17
2026-03-02 12:56:18,561 - INFO - Current time: 2026-03-02 12:56:18
2026-03-02 12:56:20,009 - INFO - Current time: 2026-03-02 12:56:20
2026-03-02 12:56:20,573 - INFO - Current time: 2026-03-02 12:56:20
2026-03-02 12:56:21,154 - INFO - Current time: 2026-03-02 12:56:21
2026-03-02 12:56:22,554 - INFO - Current time: 2026-03-02 12:56:22
2026-03-02 12:56:23,532 - INFO - Current time: 2026-03-02 12:56:23
2026-03-02 12:56:23,864 - INFO - Current time: 2026-03-02 12:56:23
2026-03-02 12:56:24,164 - INFO - Current time: 2026-03-02 12:56:24
2026-03-02 12:56:25,529 - INFO - Current time: 2026-03-02 12:56:25
2026-03-02 12:56:26,276 - INFO - Current time: 2026-03-02 12:56:26
2026-03-02 12:56:26,857 - INFO - Current time: 2026-03-02 12:56:26
2026-03-02 12:56:27,328 - INFO - Current time: 2026-03-02 12:56:27
2026-03-02 12:56:28,967 - INFO - Current time: 2026-03-02 12:56:28
2026-03-02 12:56:29,527 - INFO - Current time: 2026-03-02 12:56:29
2026-03-02 12:56:30,169 - INFO - Current time: 2026-03-02 12:56:30
2026-03-02 12:56:31,193 - INFO - Current time: 2026-03-02 12:56:31
2026-03-02 12:56:32,273 - INFO - Current time: 2026-03-02 12:56:32
2026-03-02 12:56:32,788 - INFO - Current time: 2026-03-02 12:56:32
2026-03-02 12:56:32,946 - INFO - Current time: 2026-03-02 12:56:32
2026-03-02 12:56:34,812 - INFO - Current time: 2026-03-02 12:56:34
2026-03-02 12:56:35,919 - INFO - Current time: 2026-03-02 12:56:35
2026-03-02 12:56:36,645 - INFO - Current time: 2026-03-02 12:56:36
2026-03-02 12:56:38,115 - INFO - Current time: 2026-03-02 12:56:38
2026-03-02 12:56:39,099 - INFO - Current time: 2026-03-02 12:56:39
2026-03-02 12:56:39,386 - INFO - Current time: 2026-03-02 12:56:39
2026-03-02 12:56:42,112 - INFO - Current time: 2026-03-02 12:56:42
2026-03-02 12:56:42,778 - INFO - Current time: 2026-03-02 12:56:42
2026-03-02 12:56:43,194 - INFO - Current time: 2026-03-02 12:56:43
2026-03-02 12:56:45,148 - INFO - Current time: 2026-03-02 12:56:45
2026-03-02 12:56:46,531 - INFO - Current time: 2026-03-02 12:56:46
2026-03-02 12:56:47,283 - INFO - Current time: 2026-03-02 12:56:47
2026-03-02 12:56:47,785 - INFO - Current time: 2026-03-02 12:56:47
2026-03-02 12:56:48,412 - INFO - Current time: 2026-03-02 12:56:48
2026-03-02 12:56:49,744 - INFO - Current time: 2026-03-02 12:56:49
2026-03-02 12:56:50,636 - INFO - Current time: 2026-03-02 12:56:50
2026-03-02 12:56:51,064 - INFO - Current time: 2026-03-02 12:56:51
2026-03-02 12:56:51,365 - INFO - Current time: 2026-03-02 12:56:51
2026-03-02 12:56:52,601 - INFO - Current time: 2026-03-02 12:56:52
2026-03-02 12:56:53,500 - INFO - Current time: 2026-03-02 12:56:53
2026-03-02 12:56:53,687 - WARNING - No faces in frame 292 of C:\Users\FVMSU\Documents\jack-bush\Projects\DeepfakeBench\datasets\rgb\FaceForensics++\original_sequences\youtube\c23\videos\340.mp4
2026-03-02 12:56:54,177 - INFO - Current time: 2026-03-02 12:56:54
2026-03-02 12:56:55,512 - INFO - Current time: 2026-03-02 12:56:55
2026-03-02 12:56:57,626 - INFO - Current time: 2026-03-02 12:56:57
2026-03-02 12:56:57,998 - INFO - Current time: 2026-03-02 12:56:57
2026-03-02 12:57:00,026 - INFO - Current time: 2026-03-02 12:57:00
2026-03-02 12:57:00,606 - INFO - Current time: 2026-03-02 12:57:00
2026-03-02 12:57:00,984 - WARNING - No faces in frame 267 of C:\Users\FVMSU\Documents\jack-bush\Projects\DeepfakeBench\datasets\rgb\FaceForensics++\original_sequences\youtube\c23\videos\370.mp4
2026-03-02 12:57:01,270 - INFO - Current time: 2026-03-02 12:57:01
2026-03-02 12:57:02,778 - INFO - Current time: 2026-03-02 12:57:02
2026-03-02 12:57:05,365 - INFO - Current time: 2026-03-02 12:57:05
2026-03-02 12:57:07,229 - INFO - Current time: 2026-03-02 12:57:07
2026-03-02 12:57:08,765 - INFO - Current time: 2026-03-02 12:57:08
2026-03-02 12:57:09,626 - INFO - Current time: 2026-03-02 12:57:09
2026-03-02 12:57:10,344 - INFO - Current time: 2026-03-02 12:57:10
2026-03-02 12:57:10,694 - INFO - Current time: 2026-03-02 12:57:10
2026-03-02 12:57:10,721 - INFO - Current time: 2026-03-02 12:57:10
2026-03-02 12:57:12,197 - INFO - Current time: 2026-03-02 12:57:12
2026-03-02 12:57:13,049 - INFO - Current time: 2026-03-02 12:57:13
2026-03-02 12:57:13,687 - INFO - Current time: 2026-03-02 12:57:13
2026-03-02 12:57:14,311 - INFO - Current time: 2026-03-02 12:57:14
2026-03-02 12:57:14,970 - INFO - Current time: 2026-03-02 12:57:14
2026-03-02 12:57:15,735 - INFO - Current time: 2026-03-02 12:57:15
2026-03-02 12:57:16,373 - INFO - Current time: 2026-03-02 12:57:16
2026-03-02 12:57:18,768 - INFO - Current time: 2026-03-02 12:57:18
2026-03-02 12:57:19,840 - INFO - Current time: 2026-03-02 12:57:19
2026-03-02 12:57:23,515 - INFO - Current time: 2026-03-02 12:57:23
2026-03-02 12:57:24,692 - INFO - Current time: 2026-03-02 12:57:24
2026-03-02 12:57:26,633 - INFO - Current time: 2026-03-02 12:57:26
2026-03-02 12:57:27,444 - INFO - Current time: 2026-03-02 12:57:27
2026-03-02 12:57:29,497 - INFO - Current time: 2026-03-02 12:57:29
2026-03-02 12:57:30,161 - INFO - Current time: 2026-03-02 12:57:30
2026-03-02 12:57:30,921 - INFO - Current time: 2026-03-02 12:57:30
2026-03-02 12:57:31,994 - INFO - Current time: 2026-03-02 12:57:31
2026-03-02 12:57:32,374 - INFO - Current time: 2026-03-02 12:57:32
2026-03-02 12:57:32,807 - INFO - Current time: 2026-03-02 12:57:32
2026-03-02 12:57:34,025 - INFO - Current time: 2026-03-02 12:57:34
2026-03-02 12:57:35,067 - INFO - Current time: 2026-03-02 12:57:35
2026-03-02 12:57:36,282 - INFO - Current time: 2026-03-02 12:57:36
2026-03-02 12:57:36,957 - WARNING - No faces in frame 336 of C:\Users\FVMSU\Documents\jack-bush\Projects\DeepfakeBench\datasets\rgb\FaceForensics++\original_sequences\youtube\c23\videos\434.mp4
2026-03-02 12:57:37,498 - INFO - Current time: 2026-03-02 12:57:37
2026-03-02 12:57:39,489 - INFO - Current time: 2026-03-02 12:57:39
2026-03-02 12:57:40,377 - INFO - Current time: 2026-03-02 12:57:40
2026-03-02 12:57:41,009 - INFO - Current time: 2026-03-02 12:57:41
2026-03-02 12:57:41,499 - INFO - Current time: 2026-03-02 12:57:41
2026-03-02 12:57:42,188 - INFO - Current time: 2026-03-02 12:57:42
2026-03-02 12:57:43,179 - INFO - Current time: 2026-03-02 12:57:43
2026-03-02 12:57:44,219 - INFO - Current time: 2026-03-02 12:57:44
2026-03-02 12:57:44,667 - INFO - Current time: 2026-03-02 12:57:44
2026-03-02 12:57:45,230 - INFO - Current time: 2026-03-02 12:57:45
2026-03-02 12:57:46,047 - INFO - Current time: 2026-03-02 12:57:46
2026-03-02 12:57:46,634 - INFO - Current time: 2026-03-02 12:57:46
2026-03-02 12:57:46,978 - INFO - Current time: 2026-03-02 12:57:46
2026-03-02 12:57:47,818 - INFO - Current time: 2026-03-02 12:57:47
2026-03-02 12:57:48,344 - INFO - Current time: 2026-03-02 12:57:48
2026-03-02 12:57:49,921 - INFO - Current time: 2026-03-02 12:57:49
2026-03-02 12:57:52,094 - INFO - Current time: 2026-03-02 12:57:52
2026-03-02 12:57:52,402 - INFO - Current time: 2026-03-02 12:57:52
2026-03-02 12:57:53,252 - INFO - Current time: 2026-03-02 12:57:53
2026-03-02 12:57:53,501 - INFO - Current time: 2026-03-02 12:57:53
2026-03-02 12:57:55,454 - INFO - Current time: 2026-03-02 12:57:55
2026-03-02 12:57:57,423 - INFO - Current time: 2026-03-02 12:57:57
2026-03-02 12:57:58,833 - INFO - Current time: 2026-03-02 12:57:58
2026-03-02 12:57:59,422 - INFO - Current time: 2026-03-02 12:57:59
2026-03-02 12:57:59,974 - INFO - Current time: 2026-03-02 12:57:59
2026-03-02 12:58:01,436 - INFO - Current time: 2026-03-02 12:58:01
2026-03-02 12:58:02,098 - INFO - Current time: 2026-03-02 12:58:02
2026-03-02 12:58:03,829 - INFO - Current time: 2026-03-02 12:58:03
2026-03-02 12:58:04,111 - WARNING - No faces in frame 161 of C:\Users\FVMSU\Documents\jack-bush\Projects\DeepfakeBench\datasets\rgb\FaceForensics++\original_sequences\youtube\c23\videos\474.mp4
2026-03-02 12:58:04,471 - INFO - Current time: 2026-03-02 12:58:04
2026-03-02 12:58:06,116 - INFO - Current time: 2026-03-02 12:58:06
2026-03-02 12:58:06,804 - INFO - Current time: 2026-03-02 12:58:06
2026-03-02 12:58:07,319 - INFO - Current time: 2026-03-02 12:58:07
2026-03-02 12:58:08,151 - INFO - Current time: 2026-03-02 12:58:08
2026-03-02 12:58:09,291 - WARNING - No faces in frame 305 of C:\Users\FVMSU\Documents\jack-bush\Projects\DeepfakeBench\datasets\rgb\FaceForensics++\original_sequences\youtube\c23\videos\449.mp4
2026-03-02 12:58:09,584 - INFO - Current time: 2026-03-02 12:58:09
2026-03-02 12:58:10,232 - INFO - Current time: 2026-03-02 12:58:10
2026-03-02 12:58:10,717 - INFO - Current time: 2026-03-02 12:58:10
2026-03-02 12:58:11,257 - INFO - Current time: 2026-03-02 12:58:11
2026-03-02 12:58:11,617 - INFO - Current time: 2026-03-02 12:58:11
2026-03-02 12:58:12,134 - INFO - Current time: 2026-03-02 12:58:12
2026-03-02 12:58:13,751 - INFO - Current time: 2026-03-02 12:58:13
2026-03-02 12:58:13,874 - WARNING - No faces in frame 67 of C:\Users\FVMSU\Documents\jack-bush\Projects\DeepfakeBench\datasets\rgb\FaceForensics++\original_sequences\youtube\c23\videos\501.mp4
2026-03-02 12:58:14,835 - INFO - Current time: 2026-03-02 12:58:14
2026-03-02 12:58:16,820 - INFO - Current time: 2026-03-02 12:58:16
2026-03-02 12:58:17,223 - INFO - Current time: 2026-03-02 12:58:17
2026-03-02 12:58:17,799 - INFO - Current time: 2026-03-02 12:58:17
2026-03-02 12:58:18,094 - INFO - Current time: 2026-03-02 12:58:18
2026-03-02 12:58:18,878 - WARNING - No faces in frame 72 of C:\Users\FVMSU\Documents\jack-bush\Projects\DeepfakeBench\datasets\rgb\FaceForensics++\original_sequences\youtube\c23\videos\509.mp4
2026-03-02 12:58:19,380 - WARNING - No faces in frame 90 of C:\Users\FVMSU\Documents\jack-bush\Projects\DeepfakeBench\datasets\rgb\FaceForensics++\original_sequences\youtube\c23\videos\509.mp4
2026-03-02 12:58:19,995 - INFO - Current time: 2026-03-02 12:58:19
2026-03-02 12:58:20,506 - WARNING - No faces in frame 108 of C:\Users\FVMSU\Documents\jack-bush\Projects\DeepfakeBench\datasets\rgb\FaceForensics++\original_sequences\youtube\c23\videos\509.mp4
2026-03-02 12:58:21,635 - INFO - Current time: 2026-03-02 12:58:21
2026-03-02 12:58:22,144 - INFO - Current time: 2026-03-02 12:58:22
2026-03-02 12:58:22,540 - INFO - Current time: 2026-03-02 12:58:22
2026-03-02 12:58:23,293 - INFO - Current time: 2026-03-02 12:58:23
2026-03-02 12:58:24,125 - INFO - Current time: 2026-03-02 12:58:24
2026-03-02 12:58:24,880 - INFO - Current time: 2026-03-02 12:58:24
2026-03-02 12:58:25,596 - INFO - Current time: 2026-03-02 12:58:25
2026-03-02 12:58:25,982 - INFO - Current time: 2026-03-02 12:58:25
2026-03-02 12:58:26,929 - INFO - Current time: 2026-03-02 12:58:26
2026-03-02 12:58:27,850 - INFO - Current time: 2026-03-02 12:58:27
2026-03-02 12:58:28,209 - INFO - Current time: 2026-03-02 12:58:28
2026-03-02 12:58:29,339 - INFO - Current time: 2026-03-02 12:58:29
2026-03-02 12:58:30,135 - INFO - Current time: 2026-03-02 12:58:30
2026-03-02 12:58:30,908 - WARNING - No faces in frame 252 of C:\Users\FVMSU\Documents\jack-bush\Projects\DeepfakeBench\datasets\rgb\FaceForensics++\original_sequences\youtube\c23\videos\501.mp4
2026-03-02 12:58:32,081 - INFO - Current time: 2026-03-02 12:58:32
2026-03-02 12:58:32,955 - WARNING - No faces in frame 285 of C:\Users\FVMSU\Documents\jack-bush\Projects\DeepfakeBench\datasets\rgb\FaceForensics++\original_sequences\youtube\c23\videos\501.mp4
2026-03-02 12:58:33,574 - INFO - Current time: 2026-03-02 12:58:33
2026-03-02 12:58:34,328 - INFO - Current time: 2026-03-02 12:58:34
2026-03-02 12:58:35,751 - INFO - Current time: 2026-03-02 12:58:35
2026-03-02 12:58:36,711 - INFO - Current time: 2026-03-02 12:58:36
2026-03-02 12:58:38,120 - INFO - Current time: 2026-03-02 12:58:38
2026-03-02 12:58:39,039 - INFO - Current time: 2026-03-02 12:58:39
2026-03-02 12:58:39,585 - INFO - Current time: 2026-03-02 12:58:39
2026-03-02 12:58:41,051 - INFO - Current time: 2026-03-02 12:58:41
2026-03-02 12:58:42,586 - INFO - Current time: 2026-03-02 12:58:42
2026-03-02 12:58:43,109 - INFO - Current time: 2026-03-02 12:58:43
2026-03-02 12:58:43,773 - INFO - Current time: 2026-03-02 12:58:43
2026-03-02 12:58:44,040 - INFO - Current time: 2026-03-02 12:58:44
2026-03-02 12:58:45,672 - INFO - Current time: 2026-03-02 12:58:45
2026-03-02 12:58:46,517 - INFO - Current time: 2026-03-02 12:58:46
2026-03-02 12:58:47,428 - INFO - Current time: 2026-03-02 12:58:47
2026-03-02 12:58:48,039 - INFO - Current time: 2026-03-02 12:58:48
2026-03-02 12:58:49,344 - INFO - Current time: 2026-03-02 12:58:49
2026-03-02 12:58:50,110 - INFO - Current time: 2026-03-02 12:58:50
2026-03-02 12:58:52,005 - WARNING - No faces in frame 521 of C:\Users\FVMSU\Documents\jack-bush\Projects\DeepfakeBench\datasets\rgb\FaceForensics++\original_sequences\youtube\c23\videos\501.mp4
2026-03-02 12:58:52,266 - INFO - Current time: 2026-03-02 12:58:52
2026-03-02 12:58:53,866 - INFO - Current time: 2026-03-02 12:58:53
2026-03-02 12:58:54,683 - INFO - Current time: 2026-03-02 12:58:54
2026-03-02 12:58:55,159 - INFO - Current time: 2026-03-02 12:58:55
2026-03-02 12:58:55,783 - INFO - Current time: 2026-03-02 12:58:55
2026-03-02 12:58:56,952 - INFO - Current time: 2026-03-02 12:58:56
2026-03-02 12:58:57,605 - INFO - Current time: 2026-03-02 12:58:57
2026-03-02 12:58:57,850 - INFO - Current time: 2026-03-02 12:58:57
2026-03-02 12:58:58,713 - INFO - Current time: 2026-03-02 12:58:58
2026-03-02 12:58:59,097 - INFO - Current time: 2026-03-02 12:58:59
2026-03-02 12:59:00,405 - INFO - Current time: 2026-03-02 12:59:00
2026-03-02 12:59:01,636 - INFO - Current time: 2026-03-02 12:59:01
2026-03-02 12:59:02,472 - INFO - Current time: 2026-03-02 12:59:02
2026-03-02 12:59:02,944 - INFO - Current time: 2026-03-02 12:59:02
2026-03-02 12:59:04,265 - INFO - Current time: 2026-03-02 12:59:04
2026-03-02 12:59:05,755 - INFO - Current time: 2026-03-02 12:59:05
2026-03-02 12:59:06,873 - INFO - Current time: 2026-03-02 12:59:06
2026-03-02 12:59:06,901 - INFO - Current time: 2026-03-02 12:59:06
2026-03-02 12:59:07,382 - INFO - Current time: 2026-03-02 12:59:07
2026-03-02 12:59:08,904 - INFO - Current time: 2026-03-02 12:59:08
2026-03-02 12:59:09,473 - INFO - Current time: 2026-03-02 12:59:09
2026-03-02 12:59:10,991 - WARNING - No faces in frame 307 of C:\Users\FVMSU\Documents\jack-bush\Projects\DeepfakeBench\datasets\rgb\FaceForensics++\original_sequences\youtube\c23\videos\531.mp4
2026-03-02 12:59:11,033 - INFO - Current time: 2026-03-02 12:59:11
2026-03-02 12:59:11,834 - INFO - Current time: 2026-03-02 12:59:11
2026-03-02 12:59:12,386 - INFO - Current time: 2026-03-02 12:59:12
2026-03-02 12:59:13,661 - INFO - Current time: 2026-03-02 12:59:13
2026-03-02 12:59:14,346 - INFO - Current time: 2026-03-02 12:59:14
2026-03-02 12:59:14,656 - INFO - Current time: 2026-03-02 12:59:14
2026-03-02 12:59:16,779 - INFO - Current time: 2026-03-02 12:59:16
2026-03-02 12:59:18,566 - INFO - Current time: 2026-03-02 12:59:18
2026-03-02 12:59:19,328 - INFO - Current time: 2026-03-02 12:59:19
2026-03-02 12:59:19,419 - INFO - Current time: 2026-03-02 12:59:19
2026-03-02 12:59:19,888 - INFO - Current time: 2026-03-02 12:59:19
2026-03-02 12:59:20,273 - INFO - Current time: 2026-03-02 12:59:20
2026-03-02 12:59:20,747 - INFO - Current time: 2026-03-02 12:59:20
2026-03-02 12:59:22,375 - INFO - Current time: 2026-03-02 12:59:22
2026-03-02 12:59:22,953 - INFO - Current time: 2026-03-02 12:59:22
2026-03-02 12:59:25,312 - INFO - Current time: 2026-03-02 12:59:25
2026-03-02 12:59:26,479 - INFO - Current time: 2026-03-02 12:59:26
2026-03-02 12:59:29,656 - INFO - Current time: 2026-03-02 12:59:29
2026-03-02 12:59:30,342 - INFO - Current time: 2026-03-02 12:59:30
2026-03-02 12:59:30,851 - INFO - Current time: 2026-03-02 12:59:30
2026-03-02 12:59:31,293 - INFO - Current time: 2026-03-02 12:59:31
2026-03-02 12:59:32,608 - INFO - Current time: 2026-03-02 12:59:32
2026-03-02 12:59:33,453 - INFO - Current time: 2026-03-02 12:59:33
2026-03-02 12:59:36,165 - INFO - Current time: 2026-03-02 12:59:36
2026-03-02 12:59:37,279 - INFO - Current time: 2026-03-02 12:59:37
2026-03-02 12:59:37,743 - INFO - Current time: 2026-03-02 12:59:37
2026-03-02 12:59:38,500 - INFO - Current time: 2026-03-02 12:59:38
2026-03-02 12:59:38,898 - WARNING - No faces in frame 133 of C:\Users\FVMSU\Documents\jack-bush\Projects\DeepfakeBench\datasets\rgb\FaceForensics++\original_sequences\youtube\c23\videos\576.mp4
2026-03-02 12:59:40,282 - INFO - Current time: 2026-03-02 12:59:40
2026-03-02 12:59:41,321 - INFO - Current time: 2026-03-02 12:59:41
2026-03-02 12:59:41,992 - INFO - Current time: 2026-03-02 12:59:41
2026-03-02 12:59:43,518 - INFO - Current time: 2026-03-02 12:59:43
2026-03-02 12:59:44,759 - INFO - Current time: 2026-03-02 12:59:44
2026-03-02 12:59:46,618 - INFO - Current time: 2026-03-02 12:59:46
2026-03-02 12:59:47,544 - INFO - Current time: 2026-03-02 12:59:47
2026-03-02 12:59:48,578 - INFO - Current time: 2026-03-02 12:59:48
2026-03-02 12:59:49,380 - INFO - Current time: 2026-03-02 12:59:49
2026-03-02 12:59:50,137 - INFO - Current time: 2026-03-02 12:59:50
2026-03-02 12:59:50,747 - INFO - Current time: 2026-03-02 12:59:50
2026-03-02 12:59:51,267 - INFO - Current time: 2026-03-02 12:59:51
2026-03-02 12:59:52,067 - INFO - Current time: 2026-03-02 12:59:52
2026-03-02 12:59:52,615 - INFO - Current time: 2026-03-02 12:59:52
2026-03-02 12:59:53,054 - INFO - Current time: 2026-03-02 12:59:53
2026-03-02 12:59:53,779 - INFO - Current time: 2026-03-02 12:59:53
2026-03-02 12:59:54,257 - INFO - Current time: 2026-03-02 12:59:54
2026-03-02 12:59:55,754 - INFO - Current time: 2026-03-02 12:59:55
2026-03-02 12:59:57,803 - INFO - Current time: 2026-03-02 12:59:57
2026-03-02 12:59:59,656 - INFO - Current time: 2026-03-02 12:59:59
2026-03-02 13:00:00,087 - INFO - Current time: 2026-03-02 13:00:00
2026-03-02 13:00:00,640 - INFO - Current time: 2026-03-02 13:00:00
2026-03-02 13:00:02,080 - INFO - Current time: 2026-03-02 13:00:02
2026-03-02 13:00:03,249 - INFO - Current time: 2026-03-02 13:00:03
2026-03-02 13:00:06,604 - INFO - Current time: 2026-03-02 13:00:06
2026-03-02 13:00:07,530 - INFO - Current time: 2026-03-02 13:00:07
2026-03-02 13:00:09,748 - INFO - Current time: 2026-03-02 13:00:09
2026-03-02 13:00:10,521 - INFO - Current time: 2026-03-02 13:00:10
2026-03-02 13:00:10,852 - INFO - Current time: 2026-03-02 13:00:10
2026-03-02 13:00:12,709 - INFO - Current time: 2026-03-02 13:00:12
2026-03-02 13:00:15,308 - INFO - Current time: 2026-03-02 13:00:15
2026-03-02 13:00:16,075 - INFO - Current time: 2026-03-02 13:00:16
2026-03-02 13:00:17,009 - INFO - Current time: 2026-03-02 13:00:17
2026-03-02 13:00:19,265 - INFO - Current time: 2026-03-02 13:00:19
2026-03-02 13:00:20,381 - INFO - Current time: 2026-03-02 13:00:20
2026-03-02 13:00:20,907 - INFO - Current time: 2026-03-02 13:00:20
2026-03-02 13:00:21,076 - INFO - Current time: 2026-03-02 13:00:21
2026-03-02 13:00:21,438 - INFO - Current time: 2026-03-02 13:00:21
2026-03-02 13:00:22,740 - INFO - Current time: 2026-03-02 13:00:22
2026-03-02 13:00:23,533 - INFO - Current time: 2026-03-02 13:00:23
2026-03-02 13:00:23,950 - INFO - Current time: 2026-03-02 13:00:23
2026-03-02 13:00:24,443 - INFO - Current time: 2026-03-02 13:00:24
2026-03-02 13:00:25,854 - INFO - Current time: 2026-03-02 13:00:25
2026-03-02 13:00:26,695 - INFO - Current time: 2026-03-02 13:00:26
2026-03-02 13:00:27,193 - INFO - Current time: 2026-03-02 13:00:27
2026-03-02 13:00:28,841 - INFO - Current time: 2026-03-02 13:00:28
2026-03-02 13:00:29,316 - INFO - Current time: 2026-03-02 13:00:29
2026-03-02 13:00:29,620 - INFO - Current time: 2026-03-02 13:00:29
2026-03-02 13:00:31,423 - INFO - Current time: 2026-03-02 13:00:31
2026-03-02 13:00:32,046 - INFO - Current time: 2026-03-02 13:00:32
2026-03-02 13:00:32,975 - INFO - Current time: 2026-03-02 13:00:32
2026-03-02 13:00:35,574 - INFO - Current time: 2026-03-02 13:00:35
2026-03-02 13:00:35,726 - INFO - Current time: 2026-03-02 13:00:35
2026-03-02 13:00:36,558 - INFO - Current time: 2026-03-02 13:00:36
2026-03-02 13:00:37,235 - INFO - Current time: 2026-03-02 13:00:37
2026-03-02 13:00:37,376 - INFO - Current time: 2026-03-02 13:00:37
2026-03-02 13:00:38,822 - INFO - Current time: 2026-03-02 13:00:38
2026-03-02 13:00:42,653 - INFO - Current time: 2026-03-02 13:00:42
2026-03-02 13:00:43,539 - INFO - Current time: 2026-03-02 13:00:43
2026-03-02 13:00:44,168 - WARNING - No faces in frame 311 of C:\Users\FVMSU\Documents\jack-bush\Projects\DeepfakeBench\datasets\rgb\FaceForensics++\original_sequences\youtube\c23\videos\617.mp4
2026-03-02 13:00:44,556 - INFO - Current time: 2026-03-02 13:00:44
2026-03-02 13:00:45,435 - INFO - Current time: 2026-03-02 13:00:45
2026-03-02 13:00:46,239 - INFO - Current time: 2026-03-02 13:00:46
2026-03-02 13:00:47,001 - INFO - Current time: 2026-03-02 13:00:47
2026-03-02 13:00:47,466 - INFO - Current time: 2026-03-02 13:00:47
2026-03-02 13:00:47,957 - INFO - Current time: 2026-03-02 13:00:47
2026-03-02 13:00:50,003 - INFO - Current time: 2026-03-02 13:00:50
2026-03-02 13:00:50,648 - INFO - Current time: 2026-03-02 13:00:50
2026-03-02 13:00:52,321 - INFO - Current time: 2026-03-02 13:00:52
2026-03-02 13:00:53,102 - INFO - Current time: 2026-03-02 13:00:53
2026-03-02 13:00:53,870 - INFO - Current time: 2026-03-02 13:00:53
2026-03-02 13:00:54,607 - INFO - Current time: 2026-03-02 13:00:54
2026-03-02 13:00:55,659 - INFO - Current time: 2026-03-02 13:00:55
2026-03-02 13:00:57,701 - INFO - Current time: 2026-03-02 13:00:57
2026-03-02 13:00:58,323 - INFO - Current time: 2026-03-02 13:00:58
2026-03-02 13:00:59,000 - INFO - Current time: 2026-03-02 13:00:59
2026-03-02 13:01:00,916 - INFO - Current time: 2026-03-02 13:01:00
2026-03-02 13:01:01,311 - INFO - Current time: 2026-03-02 13:01:01
2026-03-02 13:01:01,919 - INFO - Current time: 2026-03-02 13:01:01
2026-03-02 13:01:03,410 - INFO - Current time: 2026-03-02 13:01:03
2026-03-02 13:01:04,042 - INFO - Current time: 2026-03-02 13:01:04
2026-03-02 13:01:04,917 - INFO - Current time: 2026-03-02 13:01:04
2026-03-02 13:01:05,635 - INFO - Current time: 2026-03-02 13:01:05
2026-03-02 13:01:08,180 - INFO - Current time: 2026-03-02 13:01:08
2026-03-02 13:01:08,680 - INFO - Current time: 2026-03-02 13:01:08
2026-03-02 13:01:09,277 - INFO - Current time: 2026-03-02 13:01:09
2026-03-02 13:01:09,459 - INFO - Current time: 2026-03-02 13:01:09
2026-03-02 13:01:09,704 - INFO - Current time: 2026-03-02 13:01:09
2026-03-02 13:01:10,513 - INFO - Current time: 2026-03-02 13:01:10
2026-03-02 13:01:12,539 - INFO - Current time: 2026-03-02 13:01:12
2026-03-02 13:01:14,865 - INFO - Current time: 2026-03-02 13:01:14
2026-03-02 13:01:15,698 - INFO - Current time: 2026-03-02 13:01:15
2026-03-02 13:01:16,308 - INFO - Current time: 2026-03-02 13:01:16
2026-03-02 13:01:17,913 - INFO - Current time: 2026-03-02 13:01:17
2026-03-02 13:01:19,633 - INFO - Current time: 2026-03-02 13:01:19
2026-03-02 13:01:20,369 - INFO - Current time: 2026-03-02 13:01:20
2026-03-02 13:01:20,539 - INFO - Current time: 2026-03-02 13:01:20
2026-03-02 13:01:22,448 - INFO - Current time: 2026-03-02 13:01:22
2026-03-02 13:01:23,305 - INFO - Current time: 2026-03-02 13:01:23
2026-03-02 13:01:24,726 - INFO - Current time: 2026-03-02 13:01:24
2026-03-02 13:01:25,353 - INFO - Current time: 2026-03-02 13:01:25
2026-03-02 13:01:26,398 - INFO - Current time: 2026-03-02 13:01:26
2026-03-02 13:01:27,287 - INFO - Current time: 2026-03-02 13:01:27
2026-03-02 13:01:28,548 - INFO - Current time: 2026-03-02 13:01:28
2026-03-02 13:01:30,706 - INFO - Current time: 2026-03-02 13:01:30
2026-03-02 13:01:31,747 - INFO - Current time: 2026-03-02 13:01:31
2026-03-02 13:01:31,913 - INFO - Current time: 2026-03-02 13:01:31
2026-03-02 13:01:33,182 - INFO - Current time: 2026-03-02 13:01:33
2026-03-02 13:01:34,341 - INFO - Current time: 2026-03-02 13:01:34
2026-03-02 13:01:34,569 - INFO - Current time: 2026-03-02 13:01:34
2026-03-02 13:01:34,958 - INFO - Current time: 2026-03-02 13:01:34
2026-03-02 13:01:35,502 - INFO - Current time: 2026-03-02 13:01:35
2026-03-02 13:01:36,533 - INFO - Current time: 2026-03-02 13:01:36
2026-03-02 13:01:37,620 - INFO - Current time: 2026-03-02 13:01:37
2026-03-02 13:01:37,799 - INFO - Current time: 2026-03-02 13:01:37
2026-03-02 13:01:38,444 - INFO - Current time: 2026-03-02 13:01:38
2026-03-02 13:01:39,088 - INFO - Current time: 2026-03-02 13:01:39
2026-03-02 13:01:39,944 - INFO - Current time: 2026-03-02 13:01:39
2026-03-02 13:01:40,543 - INFO - Current time: 2026-03-02 13:01:40
2026-03-02 13:01:42,989 - INFO - Current time: 2026-03-02 13:01:42
2026-03-02 13:01:43,413 - INFO - Current time: 2026-03-02 13:01:43
2026-03-02 13:01:43,875 - INFO - Current time: 2026-03-02 13:01:43
2026-03-02 13:01:45,333 - INFO - Current time: 2026-03-02 13:01:45
2026-03-02 13:01:45,928 - INFO - Current time: 2026-03-02 13:01:45
2026-03-02 13:01:46,357 - INFO - Current time: 2026-03-02 13:01:46
2026-03-02 13:01:47,190 - INFO - Current time: 2026-03-02 13:01:47
2026-03-02 13:01:48,082 - INFO - Current time: 2026-03-02 13:01:48
2026-03-02 13:01:48,857 - INFO - Current time: 2026-03-02 13:01:48
2026-03-02 13:01:49,330 - INFO - Current time: 2026-03-02 13:01:49
2026-03-02 13:01:50,411 - INFO - Current time: 2026-03-02 13:01:50
2026-03-02 13:01:51,172 - INFO - Current time: 2026-03-02 13:01:51
2026-03-02 13:01:51,750 - INFO - Current time: 2026-03-02 13:01:51
2026-03-02 13:01:52,020 - INFO - Current time: 2026-03-02 13:01:52
2026-03-02 13:01:54,400 - INFO - Current time: 2026-03-02 13:01:54
2026-03-02 13:01:55,196 - INFO - Current time: 2026-03-02 13:01:55
2026-03-02 13:01:56,001 - INFO - Current time: 2026-03-02 13:01:56
2026-03-02 13:01:58,451 - INFO - Current time: 2026-03-02 13:01:58
2026-03-02 13:02:01,911 - INFO - Current time: 2026-03-02 13:02:01
2026-03-02 13:02:02,316 - INFO - Current time: 2026-03-02 13:02:02
2026-03-02 13:02:02,933 - INFO - Current time: 2026-03-02 13:02:02
2026-03-02 13:02:03,526 - INFO - Current time: 2026-03-02 13:02:03
2026-03-02 13:02:04,054 - INFO - Current time: 2026-03-02 13:02:04
2026-03-02 13:02:05,666 - INFO - Current time: 2026-03-02 13:02:05
2026-03-02 13:02:07,318 - INFO - Current time: 2026-03-02 13:02:07
2026-03-02 13:02:08,802 - INFO - Current time: 2026-03-02 13:02:08
2026-03-02 13:02:08,832 - INFO - Current time: 2026-03-02 13:02:08
2026-03-02 13:02:10,146 - INFO - Current time: 2026-03-02 13:02:10
2026-03-02 13:02:12,318 - INFO - Current time: 2026-03-02 13:02:12
2026-03-02 13:02:13,001 - INFO - Current time: 2026-03-02 13:02:13
2026-03-02 13:02:14,216 - INFO - Current time: 2026-03-02 13:02:14
2026-03-02 13:02:16,027 - INFO - Current time: 2026-03-02 13:02:16
2026-03-02 13:02:18,062 - INFO - Current time: 2026-03-02 13:02:18
2026-03-02 13:02:18,791 - INFO - Current time: 2026-03-02 13:02:18
2026-03-02 13:02:20,268 - INFO - Current time: 2026-03-02 13:02:20
2026-03-02 13:02:21,004 - INFO - Current time: 2026-03-02 13:02:21
2026-03-02 13:02:21,478 - INFO - Current time: 2026-03-02 13:02:21
2026-03-02 13:02:23,451 - INFO - Current time: 2026-03-02 13:02:23
2026-03-02 13:02:26,066 - INFO - Current time: 2026-03-02 13:02:26
2026-03-02 13:02:27,416 - INFO - Current time: 2026-03-02 13:02:27
2026-03-02 13:02:27,658 - INFO - Current time: 2026-03-02 13:02:27
2026-03-02 13:02:28,025 - INFO - Current time: 2026-03-02 13:02:28
2026-03-02 13:02:28,613 - INFO - Current time: 2026-03-02 13:02:28
2026-03-02 13:02:29,257 - INFO - Current time: 2026-03-02 13:02:29
2026-03-02 13:02:31,538 - INFO - Current time: 2026-03-02 13:02:31
2026-03-02 13:02:32,227 - INFO - Current time: 2026-03-02 13:02:32
2026-03-02 13:02:33,457 - INFO - Current time: 2026-03-02 13:02:33
2026-03-02 13:02:33,460 - WARNING - No faces in frame 563 of C:\Users\FVMSU\Documents\jack-bush\Projects\DeepfakeBench\datasets\rgb\FaceForensics++\original_sequences\youtube\c23\videos\720.mp4
2026-03-02 13:02:34,102 - INFO - Current time: 2026-03-02 13:02:34
2026-03-02 13:02:35,215 - INFO - Current time: 2026-03-02 13:02:35
2026-03-02 13:02:35,270 - INFO - Current time: 2026-03-02 13:02:35
2026-03-02 13:02:36,380 - INFO - Current time: 2026-03-02 13:02:36
2026-03-02 13:02:37,351 - INFO - Current time: 2026-03-02 13:02:37
2026-03-02 13:02:38,198 - INFO - Current time: 2026-03-02 13:02:38
2026-03-02 13:02:38,544 - INFO - Current time: 2026-03-02 13:02:38
2026-03-02 13:02:39,214 - INFO - Current time: 2026-03-02 13:02:39
2026-03-02 13:02:40,662 - INFO - Current time: 2026-03-02 13:02:40
2026-03-02 13:02:41,499 - INFO - Current time: 2026-03-02 13:02:41
2026-03-02 13:02:42,024 - INFO - Current time: 2026-03-02 13:02:42
2026-03-02 13:02:42,538 - INFO - Current time: 2026-03-02 13:02:42
2026-03-02 13:02:44,262 - INFO - Current time: 2026-03-02 13:02:44
2026-03-02 13:02:45,640 - INFO - Current time: 2026-03-02 13:02:45
2026-03-02 13:02:46,324 - INFO - Current time: 2026-03-02 13:02:46
2026-03-02 13:02:47,355 - INFO - Current time: 2026-03-02 13:02:47
2026-03-02 13:02:48,302 - INFO - Current time: 2026-03-02 13:02:48
2026-03-02 13:02:48,948 - INFO - Current time: 2026-03-02 13:02:48
2026-03-02 13:02:49,646 - INFO - Current time: 2026-03-02 13:02:49
2026-03-02 13:02:50,370 - INFO - Current time: 2026-03-02 13:02:50
2026-03-02 13:02:50,970 - INFO - Current time: 2026-03-02 13:02:50
2026-03-02 13:02:51,202 - INFO - Current time: 2026-03-02 13:02:51
2026-03-02 13:02:52,507 - INFO - Current time: 2026-03-02 13:02:52
2026-03-02 13:02:53,382 - INFO - Current time: 2026-03-02 13:02:53
2026-03-02 13:02:53,706 - INFO - Current time: 2026-03-02 13:02:53
2026-03-02 13:02:56,076 - INFO - Current time: 2026-03-02 13:02:56
2026-03-02 13:02:56,727 - INFO - Current time: 2026-03-02 13:02:56
2026-03-02 13:03:00,918 - INFO - Current time: 2026-03-02 13:03:00
2026-03-02 13:03:01,563 - INFO - Current time: 2026-03-02 13:03:01
2026-03-02 13:03:02,419 - INFO - Current time: 2026-03-02 13:03:02
2026-03-02 13:03:04,830 - INFO - Current time: 2026-03-02 13:03:04
2026-03-02 13:03:06,040 - INFO - Current time: 2026-03-02 13:03:06
2026-03-02 13:03:07,710 - INFO - Current time: 2026-03-02 13:03:07
2026-03-02 13:03:08,492 - INFO - Current time: 2026-03-02 13:03:08
2026-03-02 13:03:09,180 - INFO - Current time: 2026-03-02 13:03:09
2026-03-02 13:03:10,754 - INFO - Current time: 2026-03-02 13:03:10
2026-03-02 13:03:11,552 - INFO - Current time: 2026-03-02 13:03:11
2026-03-02 13:03:12,231 - INFO - Current time: 2026-03-02 13:03:12
2026-03-02 13:03:12,800 - INFO - Current time: 2026-03-02 13:03:12
2026-03-02 13:03:13,115 - INFO - Current time: 2026-03-02 13:03:13
2026-03-02 13:03:13,793 - INFO - Current time: 2026-03-02 13:03:13
2026-03-02 13:03:14,383 - INFO - Current time: 2026-03-02 13:03:14
2026-03-02 13:03:16,030 - INFO - Current time: 2026-03-02 13:03:16
2026-03-02 13:03:16,754 - INFO - Current time: 2026-03-02 13:03:16
2026-03-02 13:03:17,335 - INFO - Current time: 2026-03-02 13:03:17
2026-03-02 13:03:17,971 - INFO - Current time: 2026-03-02 13:03:17
2026-03-02 13:03:19,557 - INFO - Current time: 2026-03-02 13:03:19
2026-03-02 13:03:21,842 - INFO - Current time: 2026-03-02 13:03:21
2026-03-02 13:03:22,330 - INFO - Current time: 2026-03-02 13:03:22
2026-03-02 13:03:23,224 - INFO - Current time: 2026-03-02 13:03:23
2026-03-02 13:03:23,703 - INFO - Current time: 2026-03-02 13:03:23
2026-03-02 13:03:24,052 - INFO - Current time: 2026-03-02 13:03:24
2026-03-02 13:03:25,751 - INFO - Current time: 2026-03-02 13:03:25
2026-03-02 13:03:26,752 - INFO - Current time: 2026-03-02 13:03:26
2026-03-02 13:03:27,197 - INFO - Current time: 2026-03-02 13:03:27
2026-03-02 13:03:27,612 - INFO - Current time: 2026-03-02 13:03:27
2026-03-02 13:03:28,414 - INFO - Current time: 2026-03-02 13:03:28
2026-03-02 13:03:29,016 - INFO - Current time: 2026-03-02 13:03:29
2026-03-02 13:03:31,071 - INFO - Current time: 2026-03-02 13:03:31
2026-03-02 13:03:32,138 - INFO - Current time: 2026-03-02 13:03:32
2026-03-02 13:03:33,903 - INFO - Current time: 2026-03-02 13:03:33
2026-03-02 13:03:34,940 - INFO - Current time: 2026-03-02 13:03:34
2026-03-02 13:03:35,273 - INFO - Current time: 2026-03-02 13:03:35
2026-03-02 13:03:35,786 - INFO - Current time: 2026-03-02 13:03:35
2026-03-02 13:03:36,163 - INFO - Current time: 2026-03-02 13:03:36
2026-03-02 13:03:36,646 - INFO - Current time: 2026-03-02 13:03:36
2026-03-02 13:03:37,713 - INFO - Current time: 2026-03-02 13:03:37
2026-03-02 13:03:39,445 - INFO - Current time: 2026-03-02 13:03:39
2026-03-02 13:03:40,793 - INFO - Current time: 2026-03-02 13:03:40
2026-03-02 13:03:41,456 - INFO - Current time: 2026-03-02 13:03:41
2026-03-02 13:03:42,062 - INFO - Current time: 2026-03-02 13:03:42
2026-03-02 13:03:42,560 - INFO - Current time: 2026-03-02 13:03:42
2026-03-02 13:03:43,165 - INFO - Current time: 2026-03-02 13:03:43
2026-03-02 13:03:43,855 - INFO - Current time: 2026-03-02 13:03:43
2026-03-02 13:03:44,841 - INFO - Current time: 2026-03-02 13:03:44
2026-03-02 13:03:45,901 - INFO - Current time: 2026-03-02 13:03:45
2026-03-02 13:03:47,982 - INFO - Current time: 2026-03-02 13:03:47
2026-03-02 13:03:48,600 - INFO - Current time: 2026-03-02 13:03:48
2026-03-02 13:03:49,932 - INFO - Current time: 2026-03-02 13:03:49
2026-03-02 13:03:51,022 - INFO - Current time: 2026-03-02 13:03:51
2026-03-02 13:03:51,382 - INFO - Current time: 2026-03-02 13:03:51
2026-03-02 13:03:52,003 - INFO - Current time: 2026-03-02 13:03:52
2026-03-02 13:03:55,474 - INFO - Current time: 2026-03-02 13:03:55
2026-03-02 13:03:56,543 - INFO - Current time: 2026-03-02 13:03:56
2026-03-02 13:03:57,346 - INFO - Current time: 2026-03-02 13:03:57
2026-03-02 13:03:57,849 - INFO - Current time: 2026-03-02 13:03:57
2026-03-02 13:03:58,271 - INFO - Current time: 2026-03-02 13:03:58
2026-03-02 13:03:58,829 - INFO - Current time: 2026-03-02 13:03:58
2026-03-02 13:03:59,337 - INFO - Current time: 2026-03-02 13:03:59
2026-03-02 13:03:59,571 - INFO - Current time: 2026-03-02 13:03:59
2026-03-02 13:04:01,422 - INFO - Current time: 2026-03-02 13:04:01
2026-03-02 13:04:01,758 - INFO - Current time: 2026-03-02 13:04:01
2026-03-02 13:04:02,266 - INFO - Current time: 2026-03-02 13:04:02
2026-03-02 13:04:04,032 - INFO - Current time: 2026-03-02 13:04:04
2026-03-02 13:04:05,260 - INFO - Current time: 2026-03-02 13:04:05
2026-03-02 13:04:07,748 - INFO - Current time: 2026-03-02 13:04:07
2026-03-02 13:04:07,781 - WARNING - No faces in frame 98 of C:\Users\FVMSU\Documents\jack-bush\Projects\DeepfakeBench\datasets\rgb\FaceForensics++\original_sequences\youtube\c23\videos\850.mp4
2026-03-02 13:04:11,058 - INFO - Current time: 2026-03-02 13:04:11
2026-03-02 13:04:11,936 - INFO - Current time: 2026-03-02 13:04:11
2026-03-02 13:04:13,768 - INFO - Current time: 2026-03-02 13:04:13
2026-03-02 13:04:15,090 - INFO - Current time: 2026-03-02 13:04:15
2026-03-02 13:04:15,822 - INFO - Current time: 2026-03-02 13:04:15
2026-03-02 13:04:16,626 - INFO - Current time: 2026-03-02 13:04:16
2026-03-02 13:04:17,425 - INFO - Current time: 2026-03-02 13:04:17
2026-03-02 13:04:17,957 - INFO - Current time: 2026-03-02 13:04:17
2026-03-02 13:04:18,609 - INFO - Current time: 2026-03-02 13:04:18
2026-03-02 13:04:19,418 - INFO - Current time: 2026-03-02 13:04:19
2026-03-02 13:04:20,843 - INFO - Current time: 2026-03-02 13:04:20
2026-03-02 13:04:21,943 - INFO - Current time: 2026-03-02 13:04:21
2026-03-02 13:04:23,655 - INFO - Current time: 2026-03-02 13:04:23
2026-03-02 13:04:25,918 - INFO - Current time: 2026-03-02 13:04:25
2026-03-02 13:04:26,512 - INFO - Current time: 2026-03-02 13:04:26
2026-03-02 13:04:27,386 - INFO - Current time: 2026-03-02 13:04:27
2026-03-02 13:04:28,104 - INFO - Current time: 2026-03-02 13:04:28
2026-03-02 13:04:29,227 - INFO - Current time: 2026-03-02 13:04:29
2026-03-02 13:04:30,333 - INFO - Current time: 2026-03-02 13:04:30
2026-03-02 13:04:32,521 - INFO - Current time: 2026-03-02 13:04:32
2026-03-02 13:04:33,486 - INFO - Current time: 2026-03-02 13:04:33
2026-03-02 13:04:34,040 - INFO - Current time: 2026-03-02 13:04:34
2026-03-02 13:04:34,731 - INFO - Current time: 2026-03-02 13:04:34
2026-03-02 13:04:35,030 - INFO - Current time: 2026-03-02 13:04:35
2026-03-02 13:04:35,485 - INFO - Current time: 2026-03-02 13:04:35
2026-03-02 13:04:36,058 - INFO - Current time: 2026-03-02 13:04:36
2026-03-02 13:04:36,642 - INFO - Current time: 2026-03-02 13:04:36
2026-03-02 13:04:37,055 - INFO - Current time: 2026-03-02 13:04:37
2026-03-02 13:04:37,677 - INFO - Current time: 2026-03-02 13:04:37
2026-03-02 13:04:39,093 - INFO - Current time: 2026-03-02 13:04:39
2026-03-02 13:04:39,872 - INFO - Current time: 2026-03-02 13:04:39
2026-03-02 13:04:40,749 - INFO - Current time: 2026-03-02 13:04:40
2026-03-02 13:04:41,109 - INFO - Current time: 2026-03-02 13:04:41
2026-03-02 13:04:42,281 - INFO - Current time: 2026-03-02 13:04:42
2026-03-02 13:04:44,081 - INFO - Current time: 2026-03-02 13:04:44
2026-03-02 13:04:45,293 - INFO - Current time: 2026-03-02 13:04:45
2026-03-02 13:04:46,126 - INFO - Current time: 2026-03-02 13:04:46
2026-03-02 13:04:47,238 - INFO - Current time: 2026-03-02 13:04:47
2026-03-02 13:04:49,412 - INFO - Current time: 2026-03-02 13:04:49
2026-03-02 13:04:49,765 - INFO - Current time: 2026-03-02 13:04:49
2026-03-02 13:04:50,191 - INFO - Current time: 2026-03-02 13:04:50
2026-03-02 13:04:50,663 - INFO - Current time: 2026-03-02 13:04:50
2026-03-02 13:04:50,959 - INFO - Current time: 2026-03-02 13:04:50
2026-03-02 13:04:51,466 - INFO - Current time: 2026-03-02 13:04:51
2026-03-02 13:04:53,431 - INFO - Current time: 2026-03-02 13:04:53
2026-03-02 13:04:54,263 - INFO - Current time: 2026-03-02 13:04:54
2026-03-02 13:04:54,636 - INFO - Current time: 2026-03-02 13:04:54
2026-03-02 13:04:55,207 - INFO - Current time: 2026-03-02 13:04:55
2026-03-02 13:04:55,661 - INFO - Current time: 2026-03-02 13:04:55
2026-03-02 13:04:57,003 - INFO - Current time: 2026-03-02 13:04:57
2026-03-02 13:04:57,690 - INFO - Current time: 2026-03-02 13:04:57
2026-03-02 13:04:58,553 - INFO - Current time: 2026-03-02 13:04:58
2026-03-02 13:04:58,865 - INFO - Current time: 2026-03-02 13:04:58
2026-03-02 13:04:59,612 - INFO - Current time: 2026-03-02 13:04:59
2026-03-02 13:05:00,474 - INFO - Current time: 2026-03-02 13:05:00
2026-03-02 13:05:01,715 - INFO - Current time: 2026-03-02 13:05:01
2026-03-02 13:05:06,161 - INFO - Current time: 2026-03-02 13:05:06
2026-03-02 13:05:06,949 - INFO - Current time: 2026-03-02 13:05:06
2026-03-02 13:05:07,461 - INFO - Current time: 2026-03-02 13:05:07
2026-03-02 13:05:08,066 - INFO - Current time: 2026-03-02 13:05:08
2026-03-02 13:05:10,992 - INFO - Current time: 2026-03-02 13:05:10
2026-03-02 13:05:12,858 - INFO - Current time: 2026-03-02 13:05:12
2026-03-02 13:05:13,813 - INFO - Current time: 2026-03-02 13:05:13
2026-03-02 13:05:14,272 - INFO - Current time: 2026-03-02 13:05:14
2026-03-02 13:05:15,582 - INFO - Current time: 2026-03-02 13:05:15
2026-03-02 13:05:18,231 - INFO - Current time: 2026-03-02 13:05:18
2026-03-02 13:05:19,001 - INFO - Current time: 2026-03-02 13:05:19
2026-03-02 13:05:20,037 - INFO - Current time: 2026-03-02 13:05:20
2026-03-02 13:05:22,806 - INFO - Current time: 2026-03-02 13:05:22
2026-03-02 13:05:23,390 - INFO - Current time: 2026-03-02 13:05:23
2026-03-02 13:05:23,828 - INFO - Current time: 2026-03-02 13:05:23
2026-03-02 13:05:24,208 - INFO - Current time: 2026-03-02 13:05:24
2026-03-02 13:05:24,541 - INFO - Current time: 2026-03-02 13:05:24
2026-03-02 13:05:26,050 - INFO - Current time: 2026-03-02 13:05:26
2026-03-02 13:05:26,945 - INFO - Current time: 2026-03-02 13:05:26
2026-03-02 13:05:27,681 - INFO - Current time: 2026-03-02 13:05:27
2026-03-02 13:05:27,981 - INFO - Current time: 2026-03-02 13:05:27
2026-03-02 13:05:28,629 - INFO - Current time: 2026-03-02 13:05:28
2026-03-02 13:05:29,381 - INFO - Current time: 2026-03-02 13:05:29
2026-03-02 13:05:30,006 - INFO - Current time: 2026-03-02 13:05:30
2026-03-02 13:05:31,645 - INFO - Current time: 2026-03-02 13:05:31
2026-03-02 13:05:32,345 - INFO - Current time: 2026-03-02 13:05:32
2026-03-02 13:05:34,133 - INFO - Current time: 2026-03-02 13:05:34
2026-03-02 13:05:34,514 - INFO - Current time: 2026-03-02 13:05:34
2026-03-02 13:05:35,640 - INFO - Current time: 2026-03-02 13:05:35
2026-03-02 13:05:36,619 - INFO - Current time: 2026-03-02 13:05:36
2026-03-02 13:05:37,205 - INFO - Current time: 2026-03-02 13:05:37
2026-03-02 13:05:37,545 - INFO - Current time: 2026-03-02 13:05:37
2026-03-02 13:05:38,300 - INFO - Current time: 2026-03-02 13:05:38
2026-03-02 13:05:38,788 - INFO - Current time: 2026-03-02 13:05:38
2026-03-02 13:05:40,136 - INFO - Current time: 2026-03-02 13:05:40
2026-03-02 13:05:41,303 - INFO - Current time: 2026-03-02 13:05:41
2026-03-02 13:05:41,794 - INFO - Current time: 2026-03-02 13:05:41
2026-03-02 13:05:42,090 - INFO - Current time: 2026-03-02 13:05:42
2026-03-02 13:05:43,975 - INFO - Current time: 2026-03-02 13:05:43
2026-03-02 13:05:45,671 - INFO - Current time: 2026-03-02 13:05:45
2026-03-02 13:05:47,262 - INFO - Current time: 2026-03-02 13:05:47
2026-03-02 13:05:48,182 - INFO - Current time: 2026-03-02 13:05:48
2026-03-02 13:05:48,625 - INFO - Current time: 2026-03-02 13:05:48
2026-03-02 13:05:49,814 - INFO - Current time: 2026-03-02 13:05:49
2026-03-02 13:05:51,504 - INFO - Current time: 2026-03-02 13:05:51
2026-03-02 13:05:53,211 - INFO - Current time: 2026-03-02 13:05:53
2026-03-02 13:05:53,776 - INFO - Current time: 2026-03-02 13:05:53
2026-03-02 13:05:54,641 - INFO - Current time: 2026-03-02 13:05:54
2026-03-02 13:05:55,188 - INFO - Current time: 2026-03-02 13:05:55
2026-03-02 13:05:57,920 - INFO - Current time: 2026-03-02 13:05:57
2026-03-02 13:05:58,788 - INFO - Current time: 2026-03-02 13:05:58
2026-03-02 13:06:00,933 - INFO - Current time: 2026-03-02 13:06:00
2026-03-02 13:06:01,554 - INFO - Current time: 2026-03-02 13:06:01
2026-03-02 13:06:02,788 - INFO - Current time: 2026-03-02 13:06:02
2026-03-02 13:06:03,819 - INFO - Current time: 2026-03-02 13:06:03
2026-03-02 13:06:04,036 - INFO - Current time: 2026-03-02 13:06:04
2026-03-02 13:06:04,812 - INFO - Current time: 2026-03-02 13:06:04
2026-03-02 13:06:06,112 - INFO - Current time: 2026-03-02 13:06:06
2026-03-02 13:06:07,592 - INFO - Current time: 2026-03-02 13:06:07
2026-03-02 13:06:08,280 - INFO - Current time: 2026-03-02 13:06:08
2026-03-02 13:06:08,759 - INFO - Current time: 2026-03-02 13:06:08
2026-03-02 13:06:09,292 - INFO - Current time: 2026-03-02 13:06:09
2026-03-02 13:06:11,767 - INFO - Current time: 2026-03-02 13:06:11
2026-03-02 13:06:12,153 - INFO - Current time: 2026-03-02 13:06:12
2026-03-02 13:06:13,160 - INFO - Current time: 2026-03-02 13:06:13
2026-03-02 13:06:14,248 - INFO - Current time: 2026-03-02 13:06:14
2026-03-02 13:06:15,088 - INFO - Current time: 2026-03-02 13:06:15
2026-03-02 13:06:15,885 - INFO - Current time: 2026-03-02 13:06:15
2026-03-02 13:06:16,539 - INFO - Current time: 2026-03-02 13:06:16
2026-03-02 13:06:16,994 - INFO - Current time: 2026-03-02 13:06:16
2026-03-02 13:06:18,900 - INFO - Current time: 2026-03-02 13:06:18
2026-03-02 13:06:19,733 - INFO - Current time: 2026-03-02 13:06:19
2026-03-02 13:06:19,939 - INFO - Current time: 2026-03-02 13:06:19
2026-03-02 13:06:21,362 - INFO - Current time: 2026-03-02 13:06:21
2026-03-02 13:06:21,838 - INFO - Current time: 2026-03-02 13:06:21
2026-03-02 13:06:22,842 - INFO - Current time: 2026-03-02 13:06:22
2026-03-02 13:06:23,220 - INFO - Current time: 2026-03-02 13:06:23
2026-03-02 13:06:25,705 - INFO - Current time: 2026-03-02 13:06:25
2026-03-02 13:06:26,608 - INFO - Current time: 2026-03-02 13:06:26
2026-03-02 13:06:27,970 - INFO - Current time: 2026-03-02 13:06:27
2026-03-02 13:06:30,552 - INFO - Current time: 2026-03-02 13:06:30
2026-03-02 13:06:31,375 - INFO - Current time: 2026-03-02 13:06:31
2026-03-02 13:06:32,311 - INFO - Current time: 2026-03-02 13:06:32
2026-03-02 13:06:32,999 - INFO - Current time: 2026-03-02 13:06:32
2026-03-02 13:06:33,563 - INFO - Current time: 2026-03-02 13:06:33
2026-03-02 13:06:34,679 - INFO - Current time: 2026-03-02 13:06:34
2026-03-02 13:06:35,280 - INFO - Current time: 2026-03-02 13:06:35
2026-03-02 13:06:35,485 - INFO - Current time: 2026-03-02 13:06:35
2026-03-02 13:06:36,111 - INFO - Current time: 2026-03-02 13:06:36
2026-03-02 13:06:36,187 - INFO - Current time: 2026-03-02 13:06:36
2026-03-02 13:06:37,444 - INFO - Current time: 2026-03-02 13:06:37
2026-03-02 13:06:37,629 - INFO - Current time: 2026-03-02 13:06:37
2026-03-02 13:06:38,198 - INFO - Current time: 2026-03-02 13:06:38
2026-03-02 13:06:38,241 - INFO - Current time: 2026-03-02 13:06:38
2026-03-02 13:06:38,872 - INFO - Current time: 2026-03-02 13:06:38
2026-03-02 13:06:39,944 - INFO - Current time: 2026-03-02 13:06:39
2026-03-02 13:06:39,970 - INFO - Current time: 2026-03-02 13:06:39
2026-03-02 13:06:41,028 - INFO - Current time: 2026-03-02 13:06:41
2026-03-02 13:06:41,962 - INFO - Current time: 2026-03-02 13:06:41
2026-03-02 13:06:42,179 - INFO - Current time: 2026-03-02 13:06:42
2026-03-02 13:06:42,369 - INFO - Current time: 2026-03-02 13:06:42
2026-03-02 13:06:42,945 - INFO - Current time: 2026-03-02 13:06:42
2026-03-02 13:06:42,976 - INFO - Current time: 2026-03-02 13:06:42
2026-03-02 13:06:43,103 - INFO - Current time: 2026-03-02 13:06:43
2026-03-02 13:06:43,107 - INFO - Current time: 2026-03-02 13:06:43
2026-03-02 13:06:44,578 - INFO - Current time: 2026-03-02 13:06:44
2026-03-02 13:06:44,847 - INFO - Current time: 2026-03-02 13:06:44
2026-03-02 13:06:44,992 - INFO - Current time: 2026-03-02 13:06:44
2026-03-02 13:06:45,150 - INFO - Current time: 2026-03-02 13:06:45
2026-03-02 13:06:45,159 - INFO - Current time: 2026-03-02 13:06:45
2026-03-02 13:06:45,917 - INFO - Current time: 2026-03-02 13:06:45
2026-03-02 13:06:46,044 - INFO - Current time: 2026-03-02 13:06:46
2026-03-02 13:06:46,350 - INFO - Current time: 2026-03-02 13:06:46
2026-03-02 13:06:46,622 - INFO - Current time: 2026-03-02 13:06:46
2026-03-02 13:06:48,037 - INFO - Current time: 2026-03-02 13:06:48
2026-03-02 13:06:48,273 - INFO - Current time: 2026-03-02 13:06:48
2026-03-02 13:06:48,448 - INFO - Current time: 2026-03-02 13:06:48
2026-03-02 13:06:48,971 - INFO - Current time: 2026-03-02 13:06:48
2026-03-02 13:06:49,563 - INFO - Current time: 2026-03-02 13:06:49
2026-03-02 13:06:49,636 - INFO - Current time: 2026-03-02 13:06:49
2026-03-02 13:06:49,756 - INFO - Current time: 2026-03-02 13:06:49
2026-03-02 13:06:49,813 - INFO - Current time: 2026-03-02 13:06:49
2026-03-02 13:06:50,055 - INFO - Current time: 2026-03-02 13:06:50
2026-03-02 13:06:50,216 - INFO - Current time: 2026-03-02 13:06:50
2026-03-02 13:06:50,713 - INFO - Current time: 2026-03-02 13:06:50
2026-03-02 13:06:51,063 - INFO - Current time: 2026-03-02 13:06:51
2026-03-02 13:06:51,237 - INFO - Current time: 2026-03-02 13:06:51
2026-03-02 13:06:51,645 - INFO - Current time: 2026-03-02 13:06:51
2026-03-02 13:06:51,923 - INFO - Current time: 2026-03-02 13:06:51
2026-03-02 13:06:51,986 - INFO - Current time: 2026-03-02 13:06:51
2026-03-02 13:06:52,059 - INFO - Current time: 2026-03-02 13:06:52
2026-03-02 13:06:52,634 - INFO - Current time: 2026-03-02 13:06:52
2026-03-02 13:06:52,705 - INFO - Current time: 2026-03-02 13:06:52
2026-03-02 13:06:52,706 - INFO - Current time: 2026-03-02 13:06:52
2026-03-02 13:06:53,124 - INFO - Current time: 2026-03-02 13:06:53
2026-03-02 13:06:53,647 - INFO - Current time: 2026-03-02 13:06:53
2026-03-02 13:06:53,929 - INFO - Current time: 2026-03-02 13:06:53
2026-03-02 13:06:56,689 - INFO - Current time: 2026-03-02 13:06:56
2026-03-02 13:06:58,118 - INFO - Current time: 2026-03-02 13:06:58
2026-03-02 13:06:59,848 - INFO - Current time: 2026-03-02 13:06:59
2026-03-02 13:06:59,981 - INFO - Current time: 2026-03-02 13:06:59
2026-03-02 13:07:02,399 - INFO - Current time: 2026-03-02 13:07:02
2026-03-02 13:07:04,046 - INFO - Current time: 2026-03-02 13:07:04
2026-03-02 13:07:04,074 - INFO - Current time: 2026-03-02 13:07:04
2026-03-02 13:07:07,970 - INFO - Current time: 2026-03-02 13:07:07
2026-03-02 13:07:08,534 - INFO - Current time: 2026-03-02 13:07:08
2026-03-02 13:07:10,760 - INFO - Current time: 2026-03-02 13:07:10
2026-03-02 13:07:11,265 - INFO - Current time: 2026-03-02 13:07:11
2026-03-02 13:07:15,450 - INFO - Current time: 2026-03-02 13:07:15
2026-03-02 13:07:15,500 - INFO - Current time: 2026-03-02 13:07:15
2026-03-02 13:07:15,500 - INFO - Total time taken: 16.34 minutes
2026-03-02 13:07:15,513 - ERROR - No videos found in C:\Users\FVMSU\Documents\jack-bush\Projects\DeepfakeBench\datasets\rgb\FaceForensics++\original_sequences\actors\c23
